Component: ARM Compiler 5.06 update 6 (build 750) Tool: armlink [4d35ed]

==============================================================================

Section Cross References

    main.o(i.main) refers to _printf_percent.o(.ARM.Collect$$_printf_percent$$00000000) for _printf_percent
    main.o(i.main) refers to _printf_s.o(.ARM.Collect$$_printf_percent$$00000014) for _printf_s
    main.o(i.main) refers to _printf_str.o(.text) for _printf_str
    main.o(i.main) refers to _printf_f.o(.ARM.Collect$$_printf_percent$$00000003) for _printf_f
    main.o(i.main) refers to printf1.o(x$fpl$printf1) for _printf_fp_dec
    main.o(i.main) refers to _printf_d.o(.ARM.Collect$$_printf_percent$$00000009) for _printf_d
    main.o(i.main) refers to _printf_dec.o(.text) for _printf_int_dec
    main.o(i.main) refers to stm32l4xx_hal.o(i.HAL_Init) for HAL_Init
    main.o(i.main) refers to sys.o(i.SystemClock_Config) for SystemClock_Config
    main.o(i.main) refers to delay.o(i.delay_init) for delay_init
    main.o(i.main) refers to usart.o(i.uart_init) for uart_init
    main.o(i.main) refers to usart.o(i.usart2_init) for usart2_init
    main.o(i.main) refers to led.o(i.LED_Init) for LED_Init
    main.o(i.main) refers to lcd.o(i.LCD_Init) for LCD_Init
    main.o(i.main) refers to key.o(i.KEY_Init) for KEY_Init
    main.o(i.main) refers to w25qxx.o(i.W25QXX_Init) for W25QXX_Init
    main.o(i.main) refers to malloc.o(i.my_mem_init) for my_mem_init
    main.o(i.main) refers to beep.o(i.BEEP_Init) for BEEP_Init
    main.o(i.main) refers to exfuns.o(i.exfuns_init) for exfuns_init
    main.o(i.main) refers to ff.o(i.f_mount) for f_mount
    main.o(i.main) refers to lcd.o(i.LCD_Clear) for LCD_Clear
    main.o(i.main) refers to lcd.o(i.Display_ALIENTEK_LOGO) for Display_ALIENTEK_LOGO
    main.o(i.main) refers to lcd.o(i.LCD_ShowString) for LCD_ShowString
    main.o(i.main) refers to delay.o(i.delay_ms) for delay_ms
    main.o(i.main) refers to lcd.o(i.LCD_Fill) for LCD_Fill
    main.o(i.main) refers to sd_card.o(i.SD_Init) for SD_Init
    main.o(i.main) refers to fontupd.o(i.update_font) for update_font
    main.o(i.main) refers to fontupd.o(i.font_init) for font_init
    main.o(i.main) refers to malloc.o(i.mymalloc) for mymalloc
    main.o(i.main) refers to common.o(i.atk_8266_send_cmd) for atk_8266_send_cmd
    main.o(i.main) refers to __2sprintf.o(.text) for __2sprintf
    main.o(i.main) refers to common.o(i.atk_8266_ip_set) for atk_8266_ip_set
    main.o(i.main) refers to __2printf.o(.text) for __2printf
    main.o(i.main) refers to text.o(i.Show_Str_Mid) for Show_Str_Mid
    main.o(i.main) refers to text.o(i.Show_Str) for Show_Str
    main.o(i.main) refers to key.o(i.KEY_Scan) for KEY_Scan
    main.o(i.main) refers to common.o(i.atk_8266_get_wanip) for atk_8266_get_wanip
    main.o(i.main) refers to aht10.o(i.AHT10_Init) for AHT10_Init
    main.o(i.main) refers to aht10.o(i.AHT10_Read_Temperature) for AHT10_Read_Temperature
    main.o(i.main) refers to aht10.o(i.AHT10_Read_Humidity) for AHT10_Read_Humidity
    main.o(i.main) refers to lcd.o(i.LCD_ShowChar) for LCD_ShowChar
    main.o(i.main) refers to usmart_config.o(.data) for usmart_dev
    main.o(i.main) refers to exfuns.o(.data) for fs
    main.o(i.main) refers to lcd.o(.data) for POINT_COLOR
    main.o(i.main) refers to common.o(.data) for wifista_password
    main.o(i.main) refers to usart.o(.data) for USART2_RX_STA
    main.o(i.main) refers to lcd.o(i.LCD_ShowNum) for LCD_ShowNum
    main.o(i.main) refers to stm32l4xx_hal_gpio.o(i.HAL_GPIO_WritePin) for HAL_GPIO_WritePin
    main.o(i.main) refers to stm32l4xx_hal_gpio.o(i.HAL_GPIO_TogglePin) for HAL_GPIO_TogglePin
    main.o(i.main) refers to f2d.o(x$fpl$f2d) for __aeabi_f2d
    main.o(i.main) refers to common.o(i.atk_8266_quit_trans) for atk_8266_quit_trans
    main.o(i.main) refers to usart.o(i.u2_printf) for u2_printf
    main.o(i.main) refers to common.o(i.atk_8266_consta_check) for atk_8266_consta_check
    main.o(i.main) refers to common.o(i.atk_8266_at_response) for atk_8266_at_response
    main.o(i.main) refers to usart.o(.bss) for USART2_RX_BUF
    stm32l4xx_it.o(i.SysTick_Handler) refers to stm32l4xx_hal.o(i.HAL_IncTick) for HAL_IncTick
    system_stm32l4xx.o(i.SystemCoreClockUpdate) refers to system_stm32l4xx.o(.constdata) for MSIRangeTable
    system_stm32l4xx.o(i.SystemCoreClockUpdate) refers to system_stm32l4xx.o(.data) for SystemCoreClock
    startup_stm32l475xx.o(STACK) refers (Special) to heapauxi.o(.text) for __use_two_region_memory
    startup_stm32l475xx.o(HEAP) refers (Special) to heapauxi.o(.text) for __use_two_region_memory
    startup_stm32l475xx.o(RESET) refers (Special) to heapauxi.o(.text) for __use_two_region_memory
    startup_stm32l475xx.o(RESET) refers to startup_stm32l475xx.o(STACK) for __initial_sp
    startup_stm32l475xx.o(RESET) refers to startup_stm32l475xx.o(.text) for Reset_Handler
    startup_stm32l475xx.o(RESET) refers to stm32l4xx_it.o(i.NMI_Handler) for NMI_Handler
[...]
    HAL_IncTick                              0x0800247d   Thumb Code    12  stm32l4xx_hal.o(i.HAL_IncTick)
    HAL_Init                                 0x0800248d   Thumb Code    30  stm32l4xx_hal.o(i.HAL_Init)
    HAL_InitTick                             0x080024ad   Thumb Code    44  stm32l4xx_hal.o(i.HAL_InitTick)
    HAL_MspInit                              0x080024dd   Thumb Code     2  stm32l4xx_hal.o(i.HAL_MspInit)
    HAL_NVIC_EnableIRQ                       0x080024df   Thumb Code    26  stm32l4xx_hal_cortex.o(i.HAL_NVIC_EnableIRQ)
    HAL_NVIC_SetPriority                     0x080024f9   Thumb Code   124  stm32l4xx_hal_cortex.o(i.HAL_NVIC_SetPriority)
    HAL_NVIC_SetPriorityGrouping             0x0800257d   Thumb Code    32  stm32l4xx_hal_cortex.o(i.HAL_NVIC_SetPriorityGrouping)
    HAL_PWREx_ControlVoltageScaling          0x080025a5   Thumb Code   128  stm32l4xx_hal_pwr_ex.o(i.HAL_PWREx_ControlVoltageScaling)
    HAL_PWREx_GetVoltageRange                0x08002631   Thumb Code    10  stm32l4xx_hal_pwr_ex.o(i.HAL_PWREx_GetVoltageRange)
    HAL_QSPI_Abort                           0x08002641   Thumb Code   154  stm32l4xx_hal_qspi.o(i.HAL_QSPI_Abort)
    HAL_QSPI_Command                         0x080026db   Thumb Code   164  stm32l4xx_hal_qspi.o(i.HAL_QSPI_Command)
    HAL_QSPI_Init                            0x08002781   Thumb Code   190  stm32l4xx_hal_qspi.o(i.HAL_QSPI_Init)
    HAL_QSPI_MspInit                         0x08002849   Thumb Code    94  qspi.o(i.HAL_QSPI_MspInit)
    HAL_QSPI_Receive                         0x080028b1   Thumb Code   236  stm32l4xx_hal_qspi.o(i.HAL_QSPI_Receive)
    HAL_QSPI_SetTimeout                      0x080029a3   Thumb Code     4  stm32l4xx_hal_qspi.o(i.HAL_QSPI_SetTimeout)
    HAL_QSPI_Transmit                        0x080029a7   Thumb Code   220  stm32l4xx_hal_qspi.o(i.HAL_QSPI_Transmit)
    HAL_RCC_ClockConfig                      0x08002a85   Thumb Code   358  stm32l4xx_hal_rcc.o(i.HAL_RCC_ClockConfig)
    HAL_RCC_GetHCLKFreq                      0x08002bfd   Thumb Code     6  stm32l4xx_hal_rcc.o(i.HAL_RCC_GetHCLKFreq)
    HAL_RCC_GetPCLK1Freq                     0x08002c09   Thumb Code    26  stm32l4xx_hal_rcc.o(i.HAL_RCC_GetPCLK1Freq)
    HAL_RCC_GetPCLK2Freq                     0x08002c2d   Thumb Code    26  stm32l4xx_hal_rcc.o(i.HAL_RCC_GetPCLK2Freq)
    HAL_RCC_GetSysClockFreq                  0x08002c51   Thumb Code   266  stm32l4xx_hal_rcc.o(i.HAL_RCC_GetSysClockFreq)
    HAL_RCC_OscConfig                        0x08002d6d   Thumb Code  1536  stm32l4xx_hal_rcc.o(i.HAL_RCC_OscConfig)
    HAL_SPI_Init                             0x08003379   Thumb Code   192  stm32l4xx_hal_spi.o(i.HAL_SPI_Init)
    HAL_SPI_MspInit                          0x08003439   Thumb Code    92  spi3.o(i.HAL_SPI_MspInit)
    HAL_SPI_Transmit                         0x0800349d   Thumb Code   478  stm32l4xx_hal_spi.o(i.HAL_SPI_Transmit)
    HAL_SPI_TransmitReceive                  0x08003681   Thumb Code   700  stm32l4xx_hal_spi.o(i.HAL_SPI_TransmitReceive)
    HAL_SYSTICK_CLKSourceConfig              0x08003943   Thumb Code    40  stm32l4xx_hal_cortex.o(i.HAL_SYSTICK_CLKSourceConfig)
    HAL_SYSTICK_Config                       0x0800396b   Thumb Code    52  stm32l4xx_hal_cortex.o(i.HAL_SYSTICK_Config)
    HAL_TIM_Base_Init                        0x0800399f   Thumb Code    52  stm32l4xx_hal_tim.o(i.HAL_TIM_Base_Init)
    HAL_TIM_Base_MspInit                     0x080039d5   Thumb Code    58  timer.o(i.HAL_TIM_Base_MspInit)
    HAL_TIM_Base_Start_IT                    0x08003a19   Thumb Code    62  stm32l4xx_hal_tim.o(i.HAL_TIM_Base_Start_IT)
    HAL_UARTEx_WakeupCallback                0x08003a5d   Thumb Code     2  stm32l4xx_hal_uart_ex.o(i.HAL_UARTEx_WakeupCallback)
    HAL_UART_ErrorCallback                   0x08003a5f   Thumb Code     2  stm32l4xx_hal_uart.o(i.HAL_UART_ErrorCallback)
    HAL_UART_IRQHandler                      0x08003a61   Thumb Code   392  stm32l4xx_hal_uart.o(i.HAL_UART_IRQHandler)
    HAL_UART_Init                            0x08003bed   Thumb Code   120  stm32l4xx_hal_uart.o(i.HAL_UART_Init)
    HAL_UART_MspInit                         0x08003c65   Thumb Code   300  usart.o(i.HAL_UART_MspInit)
    HAL_UART_Receive                         0x08003da5   Thumb Code   272  stm32l4xx_hal_uart.o(i.HAL_UART_Receive)
    HAL_UART_TxCpltCallback                  0x08003ebb   Thumb Code     2  stm32l4xx_hal_uart.o(i.HAL_UART_TxCpltCallback)
    HardFault_Handler                        0x08003ebd   Thumb Code     4  stm32l4xx_it.o(i.HardFault_Handler)
    IIC_Ack                                  0x08003ec1   Thumb Code    74  myiic.o(i.IIC_Ack)
    IIC_Delay                                0x08003f15   Thumb Code    10  myiic.o(i.IIC_Delay)
    IIC_Init                                 0x08003f21   Thumb Code   126  myiic.o(i.IIC_Init)
    IIC_NAck                                 0x08003fad   Thumb Code    74  myiic.o(i.IIC_NAck)
    IIC_Read_Byte                            0x08004001   Thumb Code    98  myiic.o(i.IIC_Read_Byte)
    IIC_Send_Byte                            0x0800406d   Thumb Code   108  myiic.o(i.IIC_Send_Byte)
    IIC_Start                                0x080040e1   Thumb Code    74  myiic.o(i.IIC_Start)
    IIC_Stop                                 0x08004135   Thumb Code    74  myiic.o(i.IIC_Stop)
    IIC_Wait_Ack                             0x08004189   Thumb Code    94  myiic.o(i.IIC_Wait_Ack)
    KEY_Init                                 0x080041f1   Thumb Code   114  key.o(i.KEY_Init)
    KEY_Scan                                 0x08004271   Thumb Code   206  key.o(i.KEY_Scan)
    LCD_Address_Set                          0x0800434d   Thumb Code    82  lcd.o(i.LCD_Address_Set)
    LCD_Clear                                0x080043a1   Thumb Code   104  lcd.o(i.LCD_Clear)
    LCD_DrawLine                             0x08004411   Thumb Code   280  lcd.o(i.LCD_DrawLine)
    LCD_DrawRectangle                        0x0800453b   Thumb Code    64  lcd.o(i.LCD_DrawRectangle)
    LCD_Draw_Circle                          0x0800457b   Thumb Code   176  lcd.o(i.LCD_Draw_Circle)
    LCD_Draw_Point                           0x0800462d   Thumb Code    28  lcd.o(i.LCD_Draw_Point)
    LCD_Fill                                 0x0800464d   Thumb Code   144  lcd.o(i.LCD_Fill)
    LCD_Init                                 0x080047a1   Thumb Code   410  lcd.o(i.LCD_Init)
    LCD_ShowChar                             0x08004969   Thumb Code   502  lcd.o(i.LCD_ShowChar)
    LCD_ShowNum                              0x08004b7f   Thumb Code   136  lcd.o(i.LCD_ShowNum)
    LCD_ShowString                           0x08004c0d   Thumb Code    98  lcd.o(i.LCD_ShowString)
    LCD_Show_Image                           0x08004c71   Thumb Code    84  lcd.o(i.LCD_Show_Image)
    LCD_ShowxNum                             0x08004cc9   Thumb Code   172  lcd.o(i.LCD_ShowxNum)
    LCD_Write_HalfWord                       0x08004db5   Thumb Code    40  lcd.o(i.LCD_Write_HalfWord)
    LED_Init                                 0x08004de1   Thumb Code    72  led.o(i.LED_Init)
    MemManage_Handler                        0x08004e31   Thumb Code     4  stm32l4xx_it.o(i.MemManage_Handler)
    NMI_Handler                              0x08004e35   Thumb Code     2  stm32l4xx_it.o(i.NMI_Handler)
    PendSV_Handler                           0x08004e71   Thumb Code     2  stm32l4xx_it.o(i.PendSV_Handler)
    QSPI_Init                                0x0800505d   Thumb Code    64  qspi.o(i.QSPI_Init)
    QSPI_Receive                             0x080050a5   Thumb Code    36  qspi.o(i.QSPI_Receive)
    QSPI_Send_CMD                            0x080050cd   Thumb Code    70  qspi.o(i.QSPI_Send_CMD)
    QSPI_Transmit                            0x08005119   Thumb Code    36  qspi.o(i.QSPI_Transmit)
    SD_DisSelect                             0x08005229   Thumb Code    20  sd_card.o(i.SD_DisSelect)
    SD_GetCSD                                0x08005241   Thumb Code    42  sd_card.o(i.SD_GetCSD)
    SD_GetResponse                           0x0800526b   Thumb Code    38  sd_card.o(i.SD_GetResponse)
    SD_GetSectorCount                        0x08005291   Thumb Code   118  sd_card.o(i.SD_GetSectorCount)
    SD_Init                                  0x08005309   Thumb Code   386  sd_card.o(i.SD_Init)
    SD_ReadDisk                              0x08005491   Thumb Code   112  sd_card.o(i.SD_ReadDisk)
    SD_RecvData                              0x08005505   Thumb Code    56  sd_card.o(i.SD_RecvData)
    SD_SPI_Init                              0x0800553d   Thumb Code    82  sd_card.o(i.SD_SPI_Init)
    SD_SPI_ReadWriteByte                     0x08005599   Thumb Code    12  sd_card.o(i.SD_SPI_ReadWriteByte)
    SD_SPI_SpeedHigh                         0x080055a5   Thumb Code    10  sd_card.o(i.SD_SPI_SpeedHigh)
    SD_SPI_SpeedLow                          0x080055af   Thumb Code    10  sd_card.o(i.SD_SPI_SpeedLow)
    SD_Select                                0x080055b9   Thumb Code    30  sd_card.o(i.SD_Select)
    SD_SendBlock                             0x080055dd   Thumb Code    82  sd_card.o(i.SD_SendBlock)
    SD_SendCmd                               0x0800562f   Thumb Code   120  sd_card.o(i.SD_SendCmd)
    SD_WaitReady                             0x080056a7   Thumb Code    34  sd_card.o(i.SD_WaitReady)
    SD_WriteDisk                             0x080056c9   Thumb Code   140  sd_card.o(i.SD_WriteDisk)
    SPI1_Init                                0x08005759   Thumb Code    82  spi1.o(i.SPI1_Init)
    SPI1_ReadWriteByte                       0x080057b5   Thumb Code    28  spi1.o(i.SPI1_ReadWriteByte)
    SPI1_SetSpeed                            0x080057d5   Thumb Code    66  spi1.o(i.SPI1_SetSpeed)
    SPI1_WriteByte                           0x0800581d   Thumb Code    18  spi1.o(i.SPI1_WriteByte)
    SPI3_Init                                0x08005835   Thumb Code    74  spi3.o(i.SPI3_Init)
    SPI3_WriteByte                           0x08005889   Thumb Code    22  spi3.o(i.SPI3_WriteByte)
    SVC_Handler                              0x08005a5b   Thumb Code     2  stm32l4xx_it.o(i.SVC_Handler)
    Show_Font                                0x08005a5d   Thumb Code   298  text.o(i.Show_Font)
    Show_Str                                 0x08005b97   Thumb Code   182  text.o(i.Show_Str)
    Show_Str_Mid                             0x08005c53   Thumb Code    94  text.o(i.Show_Str_Mid)
    SysTick_Handler                          0x08005cb7   Thumb Code     8  stm32l4xx_it.o(i.SysTick_Handler)
    SystemClock_Config                       0x08005cc1   Thumb Code   134  sys.o(i.SystemClock_Config)
    SystemInit                               0x08005d4d   Thumb Code    68  system_stm32l4xx.o(i.SystemInit)
    TIM3_IRQHandler                          0x08005d9d   Thumb Code    36  timer.o(i.TIM3_IRQHandler)
    TIM3_Init                                0x08005dcd   Thumb Code    36  timer.o(i.TIM3_Init)
    TIM4_IRQHandler                          0x08005df9   Thumb Code    58  usmart.o(i.TIM4_IRQHandler)
    TIM_Base_SetConfig                       0x08005e3d   Thumb Code   170  stm32l4xx_hal_tim.o(i.TIM_Base_SetConfig)
    Timer4_Init                              0x08005f09   Thumb Code    80  usmart.o(i.Timer4_Init)
    UART_AdvFeatureConfig                    0x08005f65   Thumb Code   248  stm32l4xx_hal_uart.o(i.UART_AdvFeatureConfig)
    UART_CheckIdleState                      0x0800605d   Thumb Code   116  stm32l4xx_hal_uart.o(i.UART_CheckIdleState)
    UART_SetConfig                           0x08006131   Thumb Code  1158  stm32l4xx_hal_uart.o(i.UART_SetConfig)
    UART_WaitOnFlagUntilTimeout              0x080065c3   Thumb Code   108  stm32l4xx_hal_uart.o(i.UART_WaitOnFlagUntilTimeout)
    USART1_IRQHandler                        0x08006631   Thumb Code   146  usart.o(i.USART1_IRQHandler)
    USART2_IRQHandler                        0x080066d1   Thumb Code   110  usart.o(i.USART2_IRQHandler)
    UsageFault_Handler                       0x08006751   Thumb Code     4  stm32l4xx_it.o(i.UsageFault_Handler)
    W25QXX_Erase_Sector                      0x08006755   Thumb Code    46  w25qxx.o(i.W25QXX_Erase_Sector)
    W25QXX_Init                              0x08006785   Thumb Code    16  w25qxx.o(i.W25QXX_Init)
    W25QXX_Read                              0x08006799   Thumb Code    44  w25qxx.o(i.W25QXX_Read)
    W25QXX_ReadID                            0x080067c5   Thumb Code    54  w25qxx.o(i.W25QXX_ReadID)
    W25QXX_ReadSR                            0x080067fb   Thumb Code    80  w25qxx.o(i.W25QXX_ReadSR)
    W25QXX_Wait_Busy                         0x0800684b   Thumb Code    20  w25qxx.o(i.W25QXX_Wait_Busy)
    W25QXX_Write                             0x08006861   Thumb Code   180  w25qxx.o(i.W25QXX_Write)
    W25QXX_Write_Enable                      0x0800691f   Thumb Code    26  w25qxx.o(i.W25QXX_Write_Enable)
    W25QXX_Write_NoCheck                     0x08006939   Thumb Code    70  w25qxx.o(i.W25QXX_Write_NoCheck)
    W25QXX_Write_Page                        0x0800697f   Thumb Code    52  w25qxx.o(i.W25QXX_Write_Page)
    __ARM_fpclassify                         0x080069b3   Thumb Code    48  fpclassify.o(i.__ARM_fpclassify)
    _is_digit                                0x080069e3   Thumb Code    14  __printf_wp.o(i._is_digit)
    _sys_exit                                0x080069f1   Thumb Code     4  usart.o(i._sys_exit)
    atk_8266_at_response                     0x080069f5   Thumb Code    46  common.o(i.atk_8266_at_response)
    atk_8266_check_cmd                       0x08006a31   Thumb Code    44  common.o(i.atk_8266_check_cmd)
    atk_8266_consta_check                    0x08006a65   Thumb Code    36  common.o(i.atk_8266_consta_check)
    atk_8266_get_keynum                      0x08006aa9   Thumb Code   180  common.o(i.atk_8266_get_keynum)
    atk_8266_get_wanip                       0x08006b61   Thumb Code    58  common.o(i.atk_8266_get_wanip)
    atk_8266_ip_set                          0x08006bb5   Thumb Code   326  common.o(i.atk_8266_ip_set)
    atk_8266_key_staset                      0x08006d3d   Thumb Code   292  common.o(i.atk_8266_key_staset)
    atk_8266_load_keyboard                   0x08006e69   Thumb Code   280  common.o(i.atk_8266_load_keyboard)
    atk_8266_quit_trans                      0x08006f8d   Thumb Code   100  common.o(i.atk_8266_quit_trans)
    atk_8266_send_cmd                        0x08006ffd   Thumb Code    92  common.o(i.atk_8266_send_cmd)
    delay_init                               0x08007715   Thumb Code    16  delay.o(i.delay_init)
    delay_ms                                 0x08007729   Thumb Code    24  delay.o(i.delay_ms)
    delay_us                                 0x08007741   Thumb Code    68  delay.o(i.delay_us)
    disk_initialize                          0x08007e91   Thumb Code    44  diskio.o(i.disk_initialize)
    disk_ioctl                               0x08007ebd   Thumb Code   132  diskio.o(i.disk_ioctl)
    disk_read                                0x08007f41   Thumb Code   128  diskio.o(i.disk_read)
    disk_status                              0x08007fc1   Thumb Code     6  diskio.o(i.disk_status)
    disk_write                               0x08007fc7   Thumb Code   128  diskio.o(i.disk_write)
    exfuns_init                              0x08008049   Thumb Code   114  exfuns.o(i.exfuns_init)
    f_close                                  0x080080cd   Thumb Code    38  ff.o(i.f_close)
    f_mount                                  0x080080f5   Thumb Code    86  ff.o(i.f_mount)
    f_open                                   0x08008151   Thumb Code   700  ff.o(i.f_open)
    f_read                                   0x0800840d   Thumb Code   552  ff.o(i.f_read)
    f_sync                                   0x0800863b   Thumb Code   398  ff.o(i.f_sync)
    ff_convert                               0x080087c9   Thumb Code   146  mycc936.o(i.ff_convert)
    ff_memalloc                              0x08008867   Thumb Code    14  diskio.o(i.ff_memalloc)
    ff_memfree                               0x08008875   Thumb Code    14  diskio.o(i.ff_memfree)
    ff_wtoupper                              0x08008885   Thumb Code    46  mycc936.o(i.ff_wtoupper)
    font_init                                0x08008ee1   Thumb Code    64  fontupd.o(i.font_init)
    fputc                                    0x08008f25   Thumb Code    24  usart.o(i.fputc)
    fupd_prog                                0x08008f41   Thumb Code   148  fontupd.o(i.fupd_prog)
    get_fattime                              0x0800922f   Thumb Code     4  diskio.o(i.get_fattime)
    main                                     0x08009441   Thumb Code  2154  main.o(i.main)
    my_mem_free                              0x08009dc1   Thumb Code    96  malloc.o(i.my_mem_free)
    my_mem_init                              0x08009e2d   Thumb Code    34  malloc.o(i.my_mem_init)
    my_mem_malloc                            0x08009e59   Thumb Code   156  malloc.o(i.my_mem_malloc)
    my_mem_perused                           0x08009f01   Thumb Code    56  malloc.o(i.my_mem_perused)
    myfree                                   0x08009f41   Thumb Code    30  malloc.o(i.myfree)
    mymalloc                                 0x08009f65   Thumb Code    34  malloc.o(i.mymalloc)
    mymemset                                 0x08009f8d   Thumb Code    20  malloc.o(i.mymemset)
    read_addr                                0x0800a1ed   Thumb Code     6  usmart.o(i.read_addr)
    u2_printf                                0x0800a519   Thumb Code    72  usart.o(i.u2_printf)
    uart_init                                0x0800a569   Thumb Code    50  usart.o(i.uart_init)
    updata_fontx                             0x0800a5a5   Thumb Code   374  fontupd.o(i.updata_fontx)
    update_font                              0x0800a72d   Thumb Code   466  fontupd.o(i.update_font)
    usart2_init                              0x0800a929   Thumb Code    34  usart.o(i.usart2_init)
    usmart_cmd_rec                           0x0800a955   Thumb Code   170  usmart.o(i.usmart_cmd_rec)
    usmart_exe                               0x0800aa05   Thumb Code   632  usmart.o(i.usmart_exe)
    usmart_get_aparm                         0x0800acd9   Thumb Code   212  usmart_str.o(i.usmart_get_aparm)
    usmart_get_cmdname                       0x0800adad   Thumb Code    54  usmart_str.o(i.usmart_get_cmdname)
    usmart_get_fname                         0x0800ade5   Thumb Code   440  usmart_str.o(i.usmart_get_fname)
    usmart_get_fparam                        0x0800afad   Thumb Code   262  usmart_str.o(i.usmart_get_fparam)
    usmart_get_parmpos                       0x0800b0b9   Thumb Code    26  usmart_str.o(i.usmart_get_parmpos)
    usmart_get_runtime                       0x0800b0d9   Thumb Code    58  usmart.o(i.usmart_get_runtime)
    usmart_init                              0x0800b11d   Thumb Code    36  usmart.o(i.usmart_init)
    usmart_pow                               0x0800b145   Thumb Code    22  usmart_str.o(i.usmart_pow)
    usmart_reset_runtime                     0x0800b15d   Thumb Code    44  usmart.o(i.usmart_reset_runtime)
    usmart_scan                              0x0800b191   Thumb Code   120  usmart.o(i.usmart_scan)
    usmart_search_nextc                      0x0800b24d   Thumb Code    22  usmart_str.o(i.usmart_search_nextc)
    usmart_str2num                           0x0800b263   Thumb Code   262  usmart_str.o(i.usmart_str2num)
    usmart_strcmp                            0x0800b36f   Thumb Code    34  usmart_str.o(i.usmart_strcmp)
    usmart_strcopy                           0x0800b391   Thumb Code    22  usmart_str.o(i.usmart_strcopy)
    usmart_strlen                            0x0800b3a7   Thumb Code    24  usmart_str.o(i.usmart_strlen)
    usmart_sys_cmd_exe                       0x0800b3c1   Thumb Code  1570  usmart.o(i.usmart_sys_cmd_exe)
    write_addr                               0x0800baf7   Thumb Code     4  usmart.o(i.write_addr)
    _get_lc_numeric                          0x0800bb81   Thumb Code    44  lc_numeric_c.o(locale$$code)
    _get_lc_ctype                            0x0800bbad   Thumb Code    44  lc_ctype_c.o(locale$$code)
    __aeabi_d2f                              0x0800bbd9   Thumb Code     0  d2f.o(x$fpl$d2f)
    _d2f                                     0x0800bbd9   Thumb Code    98  d2f.o(x$fpl$d2f)
    __aeabi_dadd                             0x0800bc3d   Thumb Code     0  daddsub_clz.o(x$fpl$dadd)
    _dadd                                    0x0800bc3d   Thumb Code   332  daddsub_clz.o(x$fpl$dadd)
    __aeabi_ddiv                             0x0800bd8d   Thumb Code     0  ddiv.o(x$fpl$ddiv)
    _ddiv                                    0x0800bd8d   Thumb Code   552  ddiv.o(x$fpl$ddiv)
    __aeabi_i2d                              0x0800c03d   Thumb Code     0  dflt_clz.o(x$fpl$dflt)
    _dflt                                    0x0800c03d   Thumb Code    46  dflt_clz.o(x$fpl$dflt)
    __aeabi_dmul                             0x0800c06d   Thumb Code     0  dmul.o(x$fpl$dmul)
    _dmul                                    0x0800c06d   Thumb Code   332  dmul.o(x$fpl$dmul)
    __fpl_dnaninf                            0x0800c1c1   Thumb Code   156  dnaninf.o(x$fpl$dnaninf)
    __fpl_dretinf                            0x0800c25d   Thumb Code    12  dretinf.o(x$fpl$dretinf)
    __aeabi_dsub                             0x0800c269   Thumb Code     0  daddsub_clz.o(x$fpl$dsub)
    _dsub                                    0x0800c269   Thumb Code   464  daddsub_clz.o(x$fpl$dsub)
    __aeabi_f2d                              0x0800c43d   Thumb Code     0  f2d.o(x$fpl$f2d)
    _f2d                                     0x0800c43d   Thumb Code    86  f2d.o(x$fpl$f2d)
    __fpl_fnaninf                            0x0800c493   Thumb Code   140  fnaninf.o(x$fpl$fnaninf)
    _fp_init                                 0x0800c51f   Thumb Code    10  fpinit.o(x$fpl$fpinit)
    __fplib_config_fpu_vfp                   0x0800c527   Thumb Code     0  fpinit.o(x$fpl$fpinit)
    __fplib_config_pureend_doubles           0x0800c527   Thumb Code     0  fpinit.o(x$fpl$fpinit)
    __fpl_fretinf                            0x0800c529   Thumb Code    10  fretinf.o(x$fpl$fretinf)
    _printf_fp_dec                           0x0800c533   Thumb Code     4  printf1.o(x$fpl$printf1)
    _printf_fp_hex                           0x0800c537   Thumb Code     4  printf2.o(x$fpl$printf2)
    __I$use$fp                               0x0800c53a   Number         0  usenofp.o(x$fpl$usenofp)
    AHBPrescTable                            0x0800c53c   Data          16  system_stm32l4xx.o(.constdata)
    APBPrescTable                            0x0800c54c   Data           8  system_stm32l4xx.o(.constdata)
    MSIRangeTable                            0x0800c554   Data          48  system_stm32l4xx.o(.constdata)
    asc2_1206                                0x0800c584   Data        1140  lcd.o(.constdata)
    asc2_1608                                0x0800c9f8   Data        1520  lcd.o(.constdata)
    asc2_2412                                0x0800cfe8   Data        4560  lcd.o(.constdata)
    asc2_3216                                0x0800e1b8   Data       12160  lcd.o(.constdata)
    ALIENTEK_LOGO                            0x08011138   Data       39360  lcd.o(.constdata)
    memtblsize                               0x0801aaf8   Data           8  malloc.o(.constdata)
    memblksize                               0x0801ab00   Data           8  malloc.o(.constdata)
    memsize                                  0x0801ab08   Data           8  malloc.o(.constdata)
    GBK_PATH                                 0x0801af1c   Data          20  fontupd.o(.constdata)
    UPDATE_REMIND_TBL                        0x0801af30   Data          20  fontupd.o(.constdata)
    Region$$Table$$Base                      0x0801b47c   Number         0  anon$$obj.o(Region$$Table)
    Region$$Table$$Limit                     0x0801b49c   Number         0  anon$$obj.o(Region$$Table)
    __ctype                                  0x0801b4c5   Data           0  lc_ctype_c.o(locale$$data)
    mem2base                                 0x10000000   Data       30720  malloc.o(.ARM.__AT_0x10000000)
    mem2mapbase                              0x10007800   Data        1920  malloc.o(.ARM.__AT_0x10007800)
    SystemCoreClock                          0x20000000   Data           4  system_stm32l4xx.o(.data)
    uwTick                                   0x20000004   Data           4  stm32l4xx_hal.o(.data)
    POINT_COLOR                              0x2000000a   Data           2  lcd.o(.data)
    BACK_COLOR                               0x2000000c   Data           2  lcd.o(.data)
    mallco_dev                               0x20000010   Data          28  malloc.o(.data)
    SD_Type                                  0x2000002c   Data           1  sd_card.o(.data)
    W25QXX_TYPE                              0x2000002e   Data           2  w25qxx.o(.data)
    fs                                       0x20000030   Data           8  exfuns.o(.data)
    file                                     0x20000038   Data           4  exfuns.o(.data)
    ftemp                                    0x2000003c   Data           4  exfuns.o(.data)
    br                                       0x20000040   Data           4  exfuns.o(.data)
    bw                                       0x20000044   Data           4  exfuns.o(.data)
    fatbuf                                   0x20000048   Data           4  exfuns.o(.data)
    sys_cmd_tab                              0x20000058   Data          28  usmart.o(.data)
    usmart_nametab                           0x20000074   Data         104  usmart_config.o(.data)
    usmart_dev                               0x200000dc   Data         244  usmart_config.o(.data)
    __stdout                                 0x200001d4   Data           4  usart.o(.data)
    aRxBuffer                                0x200001d8   Data           1  usart.o(.data)
    USART_RX_STA                             0x200001da   Data           2  usart.o(.data)
    USART2_RX_STA                            0x200001dc   Data           2  usart.o(.data)
    portnum                                  0x200001e0   Data           4  common.o(.data)
    wifista_ssid                             0x200001e4   Data           4  common.o(.data)
    wifista_encryption                       0x200001e8   Data           4  common.o(.data)
    wifista_password                         0x200001ec   Data           4  common.o(.data)
    wifiap_ssid                              0x200001f0   Data           4  common.o(.data)
    wifiap_encryption                        0x200001f4   Data           4  common.o(.data)
    wifiap_password                          0x200001f8   Data           4  common.o(.data)
    ATK_ESP8266_CWMODE_TBL                   0x200001fc   Data          12  common.o(.data)
    ATK_ESP8266_WORKMODE_TBL                 0x20000208   Data          12  common.o(.data)
    ATK_ESP8266_ECN_TBL                      0x20000214   Data          20  common.o(.data)
    kbd_tbl                                  0x20000228   Data          52  common.o(.data)
    kbd_fn_tbl                               0x2000025c   Data           8  common.o(.data)
    TIM3_Handler                             0x200006e8   Data          64  timer.o(.bss)
    mem1base                                 0x20000740   Data       65536  malloc.o(.bss)
    mem1mapbase                              0x20010740   Data        4096  malloc.o(.bss)
    QSPI_Handler                             0x20011740   Data          68  qspi.o(.bss)
    SPI3_Handler                             0x20011784   Data         100  spi3.o(.bss)
    W25QXX_BUFFER                            0x200117e8   Data        4096  w25qxx.o(.bss)
    SPI1_Handler                             0x200127e8   Data         100  spi1.o(.bss)
    ftinfo                                   0x2001284c   Data          41  fontupd.o(.bss)
    TIM4_Handler                             0x20012878   Data          64  usmart.o(.bss)
    USART_RX_BUF                             0x200128b8   Data         200  usart.o(.bss)
    USART2_RX_BUF                            0x20012980   Data         200  usart.o(.bss)
    USART2_TX_BUF                            0x20012a48   Data         200  usart.o(.bss)
    UART2_Handler                            0x20012b10   Data         120  usart.o(.bss)
    UART1_Handler                            0x20012b88   Data         120  usart.o(.bss)
    __libspace_start                         0x20012c00   Data          96  libspace.o(.bss)
    __temporary_stack_top$libspace           0x20012c60   Data           0  libspace.o(.bss)



==============================================================================

Memory Map of the image

  Image Entry point : 0x08000189

  Load Region LR_IROM1 (Base: 0x08000000, Size: 0x0001b830, Max: 0x00080000, ABSOLUTE, COMPRESSED[0x0001b6d4])

    Execution Region ER_IROM1 (Exec base: 0x08000000, Load base: 0x08000000, Size: 0x0001b5c8, Max: 0x00080000, ABSOLUTE)

    Exec Addr    Load Addr    Size         Type   Attr      Idx    E Section Name        Object

    0x08000000   0x08000000   0x00000188   Data   RO          588    RESET               startup_stm32l475xx.o
    0x08000188   0x08000188   0x00000008   Code   RO         7009  * !!!main             c_w.l(__main.o)
    0x08000190   0x08000190   0x00000034   Code   RO         7315    !!!scatter          c_w.l(__scatter.o)
    0x080001c4   0x080001c4   0x0000005a   Code   RO         7313    !!dczerorl2         c_w.l(__dczerorl2.o)
    0x0800021e   0x0800021e   0x00000002   PAD
    0x08000220   0x08000220   0x0000001c   Code   RO         7317    !!handler_zi        c_w.l(__scatter_zi.o)
    0x0800023c   0x0800023c   0x00000000   Code   RO         6995    .ARM.Collect$$_printf_percent$$00000000  c_w.l(_printf_percent.o)
    0x0800023c   0x0800023c   0x00000006   Code   RO         7069    .ARM.Collect$$_printf_percent$$00000001  c_w.l(_printf_n.o)
    0x08000242   0x08000242   0x00000006   Code   RO         7070    .ARM.Collect$$_printf_percent$$00000002  c_w.l(_printf_p.o)
    0x08000248   0x08000248   0x00000006   Code   RO         6994    .ARM.Collect$$_printf_percent$$00000003  c_w.l(_printf_f.o)
    0x0800024e   0x0800024e   0x00000006   Code   RO         7073    .ARM.Collect$$_printf_percent$$00000004  c_w.l(_printf_e.o)
    0x08000254   0x08000254   0x00000006   Code   RO         7074    .ARM.Collect$$_printf_percent$$00000005  c_w.l(_printf_g.o)
    0x0800025a   0x0800025a   0x00000006   Code   RO         7075    .ARM.Collect$$_printf_percent$$00000006  c_w.l(_printf_a.o)
    0x08000260   0x08000260   0x0000000a   Code   RO         7079    .ARM.Collect$$_printf_percent$$00000007  c_w.l(_printf_ll.o)
    0x0800026a   0x0800026a   0x00000006   Code   RO         7072    .ARM.Collect$$_printf_percent$$00000008  c_w.l(_printf_i.o)
    0x08000270   0x08000270   0x00000006   Code   RO         6992    .ARM.Collect$$_printf_percent$$00000009  c_w.l(_printf_d.o)
    0x08000276   0x08000276   0x00000006   Code   RO         6993    .ARM.Collect$$_printf_percent$$0000000A  c_w.l(_printf_u.o)
    0x0800027c   0x0800027c   0x00000006   Code   RO         7071    .ARM.Collect$$_printf_percent$$0000000B  c_w.l(_printf_o.o)
    0x08000282   0x08000282   0x00000006   Code   RO         6991    .ARM.Collect$$_printf_percent$$0000000C  c_w.l(_printf_x.o)
    0x08000288   0x08000288   0x00000006   Code   RO         7077    .ARM.Collect$$_printf_percent$$0000000D  c_w.l(_printf_lli.o)
    0x0800028e   0x0800028e   0x00000006   Code   RO         6996    .ARM.Collect$$_printf_percent$$0000000E  c_w.l(_printf_lld.o)
    0x08000294   0x08000294   0x00000006   Code   RO         7078    .ARM.Collect$$_printf_percent$$0000000F  c_w.l(_printf_llu.o)
    0x0800029a   0x0800029a   0x00000006   Code   RO         7083    .ARM.Collect$$_printf_percent$$00000010  c_w.l(_printf_llo.o)
    0x080002a0   0x080002a0   0x00000006   Code   RO         7084    .ARM.Collect$$_printf_percent$$00000011  c_w.l(_printf_llx.o)
    0x080002a6   0x080002a6   0x0000000a   Code   RO         7080    .ARM.Collect$$_printf_percent$$00000012  c_w.l(_printf_l.o)
    0x080002b0   0x080002b0   0x00000006   Code   RO         6989    .ARM.Collect$$_printf_percent$$00000013  c_w.l(_printf_c.o)
    0x080002b6   0x080002b6   0x00000006   Code   RO         6990    .ARM.Collect$$_printf_percent$$00000014  c_w.l(_printf_s.o)
    0x080002bc   0x080002bc   0x00000006   Code   RO         7081    .ARM.Collect$$_printf_percent$$00000015  c_w.l(_printf_lc.o)
    0x080002c2   0x080002c2   0x00000006   Code   RO         7082    .ARM.Collect$$_printf_percent$$00000016  c_w.l(_printf_ls.o)
    0x080002c8   0x080002c8   0x00000004   Code   RO         7076    .ARM.Collect$$_printf_percent$$00000017  c_w.l(_printf_percent_end.o)
    0x080002cc   0x080002cc   0x00000002   Code   RO         7187    .ARM.Collect$$libinit$$00000000  c_w.l(libinit.o)
    0x080002ce   0x080002ce   0x00000004   Code   RO         7188    .ARM.Collect$$libinit$$00000001  c_w.l(libinit2.o)
    0x080002d2   0x080002d2   0x00000000   Code   RO         7191    .ARM.Collect$$libinit$$00000004  c_w.l(libinit2.o)
    0x080002d2   0x080002d2   0x00000000   Code   RO         7194    .ARM.Collect$$libinit$$0000000A  c_w.l(libinit2.o)
    0x080002d2   0x080002d2   0x00000000   Code   RO         7196    .ARM.Collect$$libinit$$0000000C  c_w.l(libinit2.o)
    0x080002d2   0x080002d2   0x00000000   Code   RO         7198    .ARM.Collect$$libinit$$0000000E  c_w.l(libinit2.o)
    0x080002d2   0x080002d2   0x00000006   Code   RO         7199    .ARM.Collect$$libinit$$0000000F  c_w.l(libinit2.o)
    0x080002d8   0x080002d8   0x00000000   Code   RO         7201    .ARM.Collect$$libinit$$00000011  c_w.l(libinit2.o)
    0x080002d8   0x080002d8   0x0000000c   Code   RO         7202    .ARM.Collect$$libinit$$00000012  c_w.l(libinit2.o)
    0x080002e4   0x080002e4   0x00000000   Code   RO         7203    .ARM.Collect$$libinit$$00000013  c_w.l(libinit2.o)
    0x080002e4   0x080002e4   0x00000000   Code   RO         7205    .ARM.Collect$$libinit$$00000015  c_w.l(libinit2.o)
    0x080002e4   0x080002e4   0x0000000a   Code   RO         7206    .ARM.Collect$$libinit$$00000016  c_w.l(libinit2.o)
    0x080002ee   0x080002ee   0x00000000   Code   RO         7207    .ARM.Collect$$libinit$$00000017  c_w.l(libinit2.o)
    0x080002ee   0x080002ee   0x00000000   Code   RO         7209    .ARM.Collect$$libinit$$00000019  c_w.l(libinit2.o)
    0x080002ee   0x080002ee   0x00000000   Code   RO         7211    .ARM.Collect$$libinit$$0000001B  c_w.l(libinit2.o)
    0x080002ee   0x080002ee   0x00000000   Code   RO         7213    .ARM.Collect$$libinit$$0000001D  c_w.l(libinit2.o)
    0x080002ee   0x080002ee   0x00000000   Code   RO         7215    .ARM.Collect$$libinit$$0000001F  c_w.l(libinit2.o)
    0x080002ee   0x080002ee   0x00000000   Code   RO         7217    .ARM.Collect$$libinit$$00000021  c_w.l(libinit2.o)
    0x080002ee   0x080002ee   0x00000000   Code   RO         7219    .ARM.Collect$$libinit$$00000023  c_w.l(libinit2.o)
    0x080002ee   0x080002ee   0x00000000   Code   RO         7221    .ARM.Collect$$libinit$$00000025  c_w.l(libinit2.o)
    0x080002ee   0x080002ee   0x00000000   Code   RO         7225    .ARM.Collect$$libinit$$0000002C  c_w.l(libinit2.o)
    0x080002ee   0x080002ee   0x00000000   Code   RO         7227    .ARM.Collect$$libinit$$0000002E  c_w.l(libinit2.o)
    0x080002ee   0x080002ee   0x00000000   Code   RO         7229    .ARM.Collect$$libinit$$00000030  c_w.l(libinit2.o)
    0x080002ee   0x080002ee   0x00000000   Code   RO         7231    .ARM.Collect$$libinit$$00000032  c_w.l(libinit2.o)
    0x080002ee   0x080002ee   0x00000002   Code   RO         7232    .ARM.Collect$$libinit$$00000033  c_w.l(libinit2.o)
    0x080002f0   0x080002f0   0x00000002   Code   RO         7277    .ARM.Collect$$libshutdown$$00000000  c_w.l(libshutdown.o)
    0x080002f2   0x080002f2   0x00000000   Code   RO         7296    .ARM.Collect$$libshutdown$$00000002  c_w.l(libshutdown2.o)
    0x080002f2   0x080002f2   0x00000000   Code   RO         7298    .ARM.Collect$$libshutdown$$00000004  c_w.l(libshutdown2.o)
    0x080002f2   0x080002f2   0x00000000   Code   RO         7301    .ARM.Collect$$libshutdown$$00000007  c_w.l(libshutdown2.o)
    0x080002f2   0x080002f2   0x00000000   Code   RO         7304    .ARM.Collect$$libshutdown$$0000000A  c_w.l(libshutdown2.o)
    0x080002f2   0x080002f2   0x00000000   Code   RO         7306    .ARM.Collect$$libshutdown$$0000000C  c_w.l(libshutdown2.o)
    0x080002f2   0x080002f2   0x00000000   Code   RO         7309    .ARM.Collect$$libshutdown$$0000000F  c_w.l(libshutdown2.o)
    0x080002f2   0x080002f2   0x00000002   Code   RO         7310    .ARM.Collect$$libshutdown$$00000010  c_w.l(libshutdown2.o)
    0x080002f4   0x080002f4   0x00000000   Code   RO         7037    .ARM.Collect$$rtentry$$00000000  c_w.l(__rtentry.o)
    0x080002f4   0x080002f4   0x00000000   Code   RO         7101    .ARM.Collect$$rtentry$$00000002  c_w.l(__rtentry2.o)
    0x080002f4   0x080002f4   0x00000006   Code   RO         7113    .ARM.Collect$$rtentry$$00000004  c_w.l(__rtentry4.o)
    0x080002fa   0x080002fa   0x00000000   Code   RO         7103    .ARM.Collect$$rtentry$$00000009  c_w.l(__rtentry2.o)
    0x080002fa   0x080002fa   0x00000004   Code   RO         7104    .ARM.Collect$$rtentry$$0000000A  c_w.l(__rtentry2.o)
    0x080002fe   0x080002fe   0x00000000   Code   RO         7106    .ARM.Collect$$rtentry$$0000000C  c_w.l(__rtentry2.o)
    0x080002fe   0x080002fe   0x00000008   Code   RO         7107    .ARM.Collect$$rtentry$$0000000D  c_w.l(__rtentry2.o)
    0x08000306   0x08000306   0x00000002   Code   RO         7233    .ARM.Collect$$rtexit$$00000000  c_w.l(rtexit.o)
    0x08000308   0x08000308   0x00000000   Code   RO         7249    .ARM.Collect$$rtexit$$00000002  c_w.l(rtexit2.o)
    0x08000308   0x08000308   0x00000004   Code   RO         7250    .ARM.Collect$$rtexit$$00000003  c_w.l(rtexit2.o)
    0x0800030c   0x0800030c   0x00000006   Code   RO         7251    .ARM.Collect$$rtexit$$00000004  c_w.l(rtexit2.o)
    0x08000312   0x08000312   0x00000002   PAD
    0x08000314   0x08000314   0x00000040   Code   RO          589    .text               startup_stm32l475xx.o
    0x08000354   0x08000354   0x00000002   Code   RO         6924    .text               c_w.l(use_no_semi_2.o)
    0x08000356   0x08000356   0x000000ee   Code   RO         6926    .text               c_w.l(lludivv7m.o)
    0x08000444   0x08000444   0x00000024   Code   RO         6928    .text               c_w.l(vsprintf.o)
    0x08000468   0x08000468   0x00000018   Code   RO         6930    .text               c_w.l(__2printf.o)
    0x08000480   0x08000480   0x0000002c   Code   RO         6932    .text               c_w.l(__2sprintf.o)
    0x080004ac   0x080004ac   0x0000004e   Code   RO         6940    .text               c_w.l(_printf_pad.o)
    0x080004fa   0x080004fa   0x00000052   Code   RO         6942    .text               c_w.l(_printf_str.o)
    0x0800054c   0x0800054c   0x00000078   Code   RO         6944    .text               c_w.l(_printf_dec.o)
    0x080005c4   0x080005c4   0x0000007c   Code   RO         6946    .text               c_w.l(_printf_longlong_dec.o)
    0x08000640   0x08000640   0x00000094   Code   RO         6966    .text               c_w.l(_printf_hex_int_ll_ptr.o)
    0x080006d4   0x080006d4   0x0000018e   Code   RO         6986    .text               c_w.l(__printf_flags_ss_wp.o)
    0x08000862   0x08000862   0x00000024   Code   RO         6997    .text               c_w.l(strstr.o)
    0x08000886   0x08000886   0x00000048   Code   RO         6999    .text               c_w.l(strcpy.o)
    0x080008ce   0x080008ce   0x0000003e   Code   RO         7001    .text               c_w.l(strlen.o)
    0x0800090c   0x0800090c   0x00000018   Code   RO         7003    .text               c_w.l(strcat.o)
    0x08000924   0x08000924   0x00000080   Code   RO         7005    .text               c_w.l(strcmpv7m.o)
    0x080009a4   0x080009a4   0x00000006   Code   RO         7007    .text               c_w.l(heapauxi.o)
    0x080009aa   0x080009aa   0x00000002   Code   RO         7035    .text               c_w.l(use_no_semi.o)
    0x080009ac   0x080009ac   0x0000008a   Code   RO         7042    .text               c_w.l(lludiv10.o)
    0x08000a36   0x08000a36   0x00000024   Code   RO         7044    .text               c_w.l(_printf_truncate.o)
    0x08000a5a   0x08000a5a   0x000000b2   Code   RO         7046    .text               c_w.l(_printf_intcommon.o)
    0x08000b0c   0x08000b0c   0x00000028   Code   RO         7048    .text               c_w.l(_printf_charcount.o)
    0x08000b34   0x08000b34   0x00000424   Code   RO         7050    .text               c_w.l(_printf_fp_dec.o)
    0x08000f58   0x08000f58   0x00000030   Code   RO         7052    .text               c_w.l(_printf_char_common.o)
    0x08000f88   0x08000f88   0x0000000a   Code   RO         7054    .text               c_w.l(_sputc.o)
    0x08000f92   0x08000f92   0x0000002c   Code   RO         7056    .text               c_w.l(_printf_char.o)
    0x08000fbe   0x08000fbe   0x00000002   PAD
    0x08000fc0   0x08000fc0   0x00000024   Code   RO         7058    .text               c_w.l(_printf_char_file.o)
    0x08000fe4   0x08000fe4   0x000000c2   Code   RO         7060    .text               c_w.l(_printf_wctomb.o)
    0x080010a6   0x080010a6   0x00000002   PAD
    0x080010a8   0x080010a8   0x00000070   Code   RO         7067    .text               c_w.l(_printf_oct_int_ll.o)
    0x08001118   0x08001118   0x00000008   Code   RO         7120    .text               c_w.l(rt_locale_intlibspace.o)
    0x08001120   0x08001120   0x00000302   Code   RO         7122    .text               c_w.l(_printf_fp_hex.o)
    0x08001422   0x08001422   0x00000002   PAD
    0x08001424   0x08001424   0x00000080   Code   RO         7125    .text               c_w.l(_printf_fp_infnan.o)
    0x080014a4   0x080014a4   0x0000002c   Code   RO         7129    .text               c_w.l(_printf_wchar.o)
    0x080014d0   0x080014d0   0x000000e4   Code   RO         7131    .text               c_w.l(bigflt0.o)
    0x080015b4   0x080015b4   0x00000008   Code   RO         7156    .text               c_w.l(ferror.o)
    0x080015bc   0x080015bc   0x00000040   Code   RO         7160    .text               c_w.l(_wcrtomb.o)
    0x080015fc   0x080015fc   0x00000008   Code   RO         7169    .text               c_w.l(libspace.o)
    0x08001604   0x08001604   0x0000004a   Code   RO         7172    .text               c_w.l(sys_stackheap_outer.o)
    0x0800164e   0x0800164e   0x00000002   PAD
    0x08001650   0x08001650   0x00000010   Code   RO         7174    .text               c_w.l(rt_ctype_table.o)
    0x08001660   0x08001660   0x00000012   Code   RO         7176    .text               c_w.l(exit.o)
    0x08001672   0x08001672   0x0000003e   Code   RO         7134    CL$$btod_d2e        c_w.l(btod.o)
    0x080016b0   0x080016b0   0x00000046   Code   RO         7136    CL$$btod_d2e_denorm_low  c_w.l(btod.o)
    0x080016f6   0x080016f6   0x00000060   Code   RO         7135    CL$$btod_d2e_norm_op1  c_w.l(btod.o)
    0x08001756   0x08001756   0x00000338   Code   RO         7144    CL$$btod_div_common  c_w.l(btod.o)
    0x08001a8e   0x08001a8e   0x000000dc   Code   RO         7141    CL$$btod_e2e        c_w.l(btod.o)
    0x08001b6a   0x08001b6a   0x0000002a   Code   RO         7138    CL$$btod_ediv       c_w.l(btod.o)
    0x08001b94   0x08001b94   0x0000002a   Code   RO         7137    CL$$btod_emul       c_w.l(btod.o)
    0x08001bbe   0x08001bbe   0x00000244   Code   RO         7143    CL$$btod_mult_common  c_w.l(btod.o)
    0x08001e02   0x08001e02   0x0000004e   Code   RO         5395    i.AHT10_Init        aht10.o
    0x08001e50   0x08001e50   0x0000004a   Code   RO         5397    i.AHT10_Read_Data   aht10.o
    0x08001e9a   0x08001e9a   0x00000002   PAD
    0x08001e9c   0x08001e9c   0x0000009c   Code   RO         5398    i.AHT10_Read_Humidity  aht10.o
    0x08001f38   0x08001f38   0x000000bc   Code   RO         5399    i.AHT10_Read_Temperature  aht10.o
    0x08001ff4   0x08001ff4   0x0000004c   Code   RO         5400    i.AHT10_Write_Data  aht10.o
    0x08002040   0x08002040   0x0000004c   Code   RO         4587    i.BEEP_Init         beep.o
    0x0800208c   0x0800208c   0x00000004   Code   RO          365    i.BusFault_Handler  stm32l4xx_it.o
    0x08002090   0x08002090   0x00000002   Code   RO          366    i.DebugMon_Handler  stm32l4xx_it.o
    0x08002092   0x08002092   0x00000002   PAD
    0x08002094   0x08002094   0x0000001c   Code   RO         4642    i.Display_ALIENTEK_LOGO  lcd.o
    0x080020b0   0x080020b0   0x000000f6   Code   RO         6274    i.Get_HzMat         text.o
    0x080021a6   0x080021a6   0x00000046   Code   RO         3873    i.HAL_DMA_Abort     stm32l4xx_hal_dma.o
    0x080021ec   0x080021ec   0x0000005c   Code   RO         3874    i.HAL_DMA_Abort_IT  stm32l4xx_hal_dma.o
    0x08002248   0x08002248   0x00000204   Code   RO         1036    i.HAL_GPIO_Init     stm32l4xx_hal_gpio.o
    0x0800244c   0x0800244c   0x00000010   Code   RO         1038    i.HAL_GPIO_ReadPin  stm32l4xx_hal_gpio.o
    0x0800245c   0x0800245c   0x00000008   Code   RO         1039    i.HAL_GPIO_TogglePin  stm32l4xx_hal_gpio.o
    0x08002464   0x08002464   0x0000000a   Code   RO         1040    i.HAL_GPIO_WritePin  stm32l4xx_hal_gpio.o
    0x0800246e   0x0800246e   0x00000002   PAD
    0x08002470   0x08002470   0x0000000c   Code   RO          607    i.HAL_GetTick       stm32l4xx_hal.o
    0x0800247c   0x0800247c   0x00000010   Code   RO          611    i.HAL_IncTick       stm32l4xx_hal.o
    0x0800248c   0x0800248c   0x0000001e   Code   RO          612    i.HAL_Init          stm32l4xx_hal.o
    0x080024aa   0x080024aa   0x00000002   PAD
    0x080024ac   0x080024ac   0x00000030   Code   RO          613    i.HAL_InitTick      stm32l4xx_hal.o
    0x080024dc   0x080024dc   0x00000002   Code   RO          615    i.HAL_MspInit       stm32l4xx_hal.o
    0x080024de   0x080024de   0x0000001a   Code   RO         3719    i.HAL_NVIC_EnableIRQ  stm32l4xx_hal_cortex.o
    0x080024f8   0x080024f8   0x00000082   Code   RO         3725    i.HAL_NVIC_SetPriority  stm32l4xx_hal_cortex.o
    0x0800257a   0x0800257a   0x00000002   PAD
    0x0800257c   0x0800257c   0x00000028   Code   RO         3726    i.HAL_NVIC_SetPriorityGrouping  stm32l4xx_hal_cortex.o
    0x080025a4   0x080025a4   0x0000008c   Code   RO         4324    i.HAL_PWREx_ControlVoltageScaling  stm32l4xx_hal_pwr_ex.o
    0x08002630   0x08002630   0x00000010   Code   RO         4355    i.HAL_PWREx_GetVoltageRange  stm32l4xx_hal_pwr_ex.o
    0x08002640   0x08002640   0x0000009a   Code   RO         1099    i.HAL_QSPI_Abort    stm32l4xx_hal_qspi.o
    0x080026da   0x080026da   0x000000a4   Code   RO         1105    i.HAL_QSPI_Command  stm32l4xx_hal_qspi.o
    0x0800277e   0x0800277e   0x00000002   PAD
    0x08002780   0x08002780   0x000000c8   Code   RO         1114    i.HAL_QSPI_Init     stm32l4xx_hal_qspi.o
    0x08002848   0x08002848   0x00000068   Code   RO         4962    i.HAL_QSPI_MspInit  qspi.o
    0x080028b0   0x080028b0   0x000000f2   Code   RO         1118    i.HAL_QSPI_Receive  stm32l4xx_hal_qspi.o
    0x080029a2   0x080029a2   0x00000004   Code   RO         1124    i.HAL_QSPI_SetTimeout  stm32l4xx_hal_qspi.o
    0x080029a6   0x080029a6   0x000000dc   Code   RO         1127    i.HAL_QSPI_Transmit  stm32l4xx_hal_qspi.o
    0x08002a82   0x08002a82   0x00000002   PAD
    0x08002a84   0x08002a84   0x00000178   Code   RO         3968    i.HAL_RCC_ClockConfig  stm32l4xx_hal_rcc.o
    0x08002bfc   0x08002bfc   0x0000000c   Code   RO         3972    i.HAL_RCC_GetHCLKFreq  stm32l4xx_hal_rcc.o
    0x08002c08   0x08002c08   0x00000024   Code   RO         3974    i.HAL_RCC_GetPCLK1Freq  stm32l4xx_hal_rcc.o
    0x08002c2c   0x08002c2c   0x00000024   Code   RO         3975    i.HAL_RCC_GetPCLK2Freq  stm32l4xx_hal_rcc.o
    0x08002c50   0x08002c50   0x0000011c   Code   RO         3976    i.HAL_RCC_GetSysClockFreq  stm32l4xx_hal_rcc.o
    0x08002d6c   0x08002d6c   0x0000060c   Code   RO         3979    i.HAL_RCC_OscConfig  stm32l4xx_hal_rcc.o
    0x08003378   0x08003378   0x000000c0   Code   RO         1744    i.HAL_SPI_Init      stm32l4xx_hal_spi.o
    0x08003438   0x08003438   0x00000064   Code   RO         5145    i.HAL_SPI_MspInit   spi3.o
    0x0800349c   0x0800349c   0x000001e4   Code   RO         1752    i.HAL_SPI_Transmit  stm32l4xx_hal_spi.o
    0x08003680   0x08003680   0x000002c2   Code   RO         1753    i.HAL_SPI_TransmitReceive  stm32l4xx_hal_spi.o
    0x08003942   0x08003942   0x00000028   Code   RO         3728    i.HAL_SYSTICK_CLKSourceConfig  stm32l4xx_hal_cortex.o
    0x0800396a   0x0800396a   0x00000034   Code   RO         3730    i.HAL_SYSTICK_Config  stm32l4xx_hal_cortex.o
    0x0800399e   0x0800399e   0x00000034   Code   RO         2086    i.HAL_TIM_Base_Init  stm32l4xx_hal_tim.o
    0x080039d2   0x080039d2   0x00000002   PAD
    0x080039d4   0x080039d4   0x00000044   Code   RO         4832    i.HAL_TIM_Base_MspInit  timer.o
    0x08003a18   0x08003a18   0x00000044   Code   RO         2091    i.HAL_TIM_Base_Start_IT  stm32l4xx_hal_tim.o
    0x08003a5c   0x08003a5c   0x00000002   Code   RO         3361    i.HAL_UARTEx_WakeupCallback  stm32l4xx_hal_uart_ex.o
    0x08003a5e   0x08003a5e   0x00000002   Code   RO         3015    i.HAL_UART_ErrorCallback  stm32l4xx_hal_uart.o
    0x08003a60   0x08003a60   0x0000018c   Code   RO         3018    i.HAL_UART_IRQHandler  stm32l4xx_hal_uart.o
    0x08003bec   0x08003bec   0x00000078   Code   RO         3019    i.HAL_UART_Init     stm32l4xx_hal_uart.o
    0x08003c64   0x08003c64   0x00000140   Code   RO         6631    i.HAL_UART_MspInit  usart.o
    0x08003da4   0x08003da4   0x00000116   Code   RO         3022    i.HAL_UART_Receive  stm32l4xx_hal_uart.o
    0x08003eba   0x08003eba   0x00000002   Code   RO         3030    i.HAL_UART_TxCpltCallback  stm32l4xx_hal_uart.o
    0x08003ebc   0x08003ebc   0x00000004   Code   RO          367    i.HardFault_Handler  stm32l4xx_it.o
    0x08003ec0   0x08003ec0   0x00000054   Code   RO         5452    i.IIC_Ack           myiic.o
    0x08003f14   0x08003f14   0x0000000a   Code   RO         5453    i.IIC_Delay         myiic.o
    0x08003f1e   0x08003f1e   0x00000002   PAD
    0x08003f20   0x08003f20   0x0000008c   Code   RO         5454    i.IIC_Init          myiic.o
    0x08003fac   0x08003fac   0x00000054   Code   RO         5455    i.IIC_NAck          myiic.o
    0x08004000   0x08004000   0x0000006c   Code   RO         5456    i.IIC_Read_Byte     myiic.o
    0x0800406c   0x0800406c   0x00000074   Code   RO         5457    i.IIC_Send_Byte     myiic.o
    0x080040e0   0x080040e0   0x00000054   Code   RO         5458    i.IIC_Start         myiic.o
    0x08004134   0x08004134   0x00000054   Code   RO         5459    i.IIC_Stop          myiic.o
    0x08004188   0x08004188   0x00000068   Code   RO         5460    i.IIC_Wait_Ack      myiic.o
    0x080041f0   0x080041f0   0x00000080   Code   RO         4611    i.KEY_Init          key.o
    0x08004270   0x08004270   0x000000dc   Code   RO         4612    i.KEY_Scan          key.o
    0x0800434c   0x0800434c   0x00000052   Code   RO         4643    i.LCD_Address_Set   lcd.o
    0x0800439e   0x0800439e   0x00000002   PAD
    0x080043a0   0x080043a0   0x00000070   Code   RO         4644    i.LCD_Clear         lcd.o
    0x08004410   0x08004410   0x0000012a   Code   RO         4647    i.LCD_DrawLine      lcd.o
    0x0800453a   0x0800453a   0x00000040   Code   RO         4648    i.LCD_DrawRectangle  lcd.o
    0x0800457a   0x0800457a   0x000000b0   Code   RO         4649    i.LCD_Draw_Circle   lcd.o
    0x0800462a   0x0800462a   0x00000002   PAD
    0x0800462c   0x0800462c   0x00000020   Code   RO         4651    i.LCD_Draw_Point    lcd.o
    0x0800464c   0x0800464c   0x0000009e   Code   RO         4652    i.LCD_Fill          lcd.o
    0x080046ea   0x080046ea   0x00000002   PAD
    0x080046ec   0x080046ec   0x000000b4   Code   RO         4653    i.LCD_Gpio_Init     lcd.o
    0x080047a0   0x080047a0   0x000001a0   Code   RO         4654    i.LCD_Init          lcd.o
    0x08004940   0x08004940   0x00000016   Code   RO         4655    i.LCD_Pow           lcd.o
    0x08004956   0x08004956   0x00000010   Code   RO         4656    i.LCD_SPI_Send      lcd.o
    0x08004966   0x08004966   0x00000002   PAD
    0x08004968   0x08004968   0x00000216   Code   RO         4657    i.LCD_ShowChar      lcd.o
    0x08004b7e   0x08004b7e   0x0000008e   Code   RO         4658    i.LCD_ShowNum       lcd.o
    0x08004c0c   0x08004c0c   0x00000062   Code   RO         4659    i.LCD_ShowString    lcd.o
    0x08004c6e   0x08004c6e   0x00000002   PAD
    0x08004c70   0x08004c70   0x00000058   Code   RO         4660    i.LCD_Show_Image    lcd.o
    0x08004cc8   0x08004cc8   0x000000b2   Code   RO         4661    i.LCD_ShowxNum      lcd.o
    0x08004d7a   0x08004d7a   0x00000002   PAD
    0x08004d7c   0x08004d7c   0x0000001c   Code   RO         4662    i.LCD_Write_Cmd     lcd.o
    0x08004d98   0x08004d98   0x0000001c   Code   RO         4663    i.LCD_Write_Data    lcd.o
    0x08004db4   0x08004db4   0x0000002c   Code   RO         4664    i.LCD_Write_HalfWord  lcd.o
    0x08004de0   0x08004de0   0x00000050   Code   RO         4808    i.LED_Init          led.o
    0x08004e30   0x08004e30   0x00000004   Code   RO          368    i.MemManage_Handler  stm32l4xx_it.o
    0x08004e34   0x08004e34   0x00000002   Code   RO          369    i.NMI_Handler       stm32l4xx_it.o
    0x08004e36   0x08004e36   0x00000002   PAD
    0x08004e38   0x08004e38   0x00000010   Code   RO         3732    i.NVIC_GetPriorityGrouping  stm32l4xx_hal_cortex.o
    0x08004e48   0x08004e48   0x00000028   Code   RO         3733    i.NVIC_SetPriority  stm32l4xx_hal_cortex.o
    0x08004e70   0x08004e70   0x00000002   Code   RO          370    i.PendSV_Handler    stm32l4xx_it.o
    0x08004e72   0x08004e72   0x000001e8   Code   RO         1132    i.QSPI_Config       stm32l4xx_hal_qspi.o
    0x0800505a   0x0800505a   0x00000002   PAD
    0x0800505c   0x0800505c   0x00000048   Code   RO         4963    i.QSPI_Init         qspi.o
    0x080050a4   0x080050a4   0x00000028   Code   RO         4964    i.QSPI_Receive      qspi.o
    0x080050cc   0x080050cc   0x0000004c   Code   RO         4965    i.QSPI_Send_CMD     qspi.o
    0x08005118   0x08005118   0x00000028   Code   RO         4966    i.QSPI_Transmit     qspi.o
    0x08005140   0x08005140   0x0000004c   Code   RO         1139    i.QSPI_WaitFlagStateUntilTimeout  stm32l4xx_hal_qspi.o
    0x0800518c   0x0800518c   0x0000009c   Code   RO         3980    i.RCC_SetFlashLatencyFromMSIRange  stm32l4xx_hal_rcc.o
    0x08005228   0x08005228   0x00000018   Code   RO         5016    i.SD_DisSelect      sd_card.o
    0x08005240   0x08005240   0x0000002a   Code   RO         5018    i.SD_GetCSD         sd_card.o
    0x0800526a   0x0800526a   0x00000026   Code   RO         5019    i.SD_GetResponse    sd_card.o
    0x08005290   0x08005290   0x00000076   Code   RO         5020    i.SD_GetSectorCount  sd_card.o
    0x08005306   0x08005306   0x00000002   PAD
    0x08005308   0x08005308   0x00000188   Code   RO         5021    i.SD_Init           sd_card.o
    0x08005490   0x08005490   0x00000074   Code   RO         5022    i.SD_ReadDisk       sd_card.o
    0x08005504   0x08005504   0x00000038   Code   RO         5023    i.SD_RecvData       sd_card.o
    0x0800553c   0x0800553c   0x0000005c   Code   RO         5024    i.SD_SPI_Init       sd_card.o
    0x08005598   0x08005598   0x0000000c   Code   RO         5025    i.SD_SPI_ReadWriteByte  sd_card.o
    0x080055a4   0x080055a4   0x0000000a   Code   RO         5026    i.SD_SPI_SpeedHigh  sd_card.o
    0x080055ae   0x080055ae   0x0000000a   Code   RO         5027    i.SD_SPI_SpeedLow   sd_card.o
    0x080055b8   0x080055b8   0x00000024   Code   RO         5028    i.SD_Select         sd_card.o
    0x080055dc   0x080055dc   0x00000052   Code   RO         5029    i.SD_SendBlock      sd_card.o
    0x0800562e   0x0800562e   0x00000078   Code   RO         5030    i.SD_SendCmd        sd_card.o
    0x080056a6   0x080056a6   0x00000022   Code   RO         5031    i.SD_WaitReady      sd_card.o
    0x080056c8   0x080056c8   0x00000090   Code   RO         5032    i.SD_WriteDisk      sd_card.o
    0x08005758   0x08005758   0x0000005c   Code   RO         5350    i.SPI1_Init         spi1.o
    0x080057b4   0x080057b4   0x00000020   Code   RO         5351    i.SPI1_ReadWriteByte  spi1.o
    0x080057d4   0x080057d4   0x00000048   Code   RO         5352    i.SPI1_SetSpeed     spi1.o
    0x0800581c   0x0800581c   0x00000018   Code   RO         5353    i.SPI1_WriteByte    spi1.o
    0x08005834   0x08005834   0x00000054   Code   RO         5146    i.SPI3_Init         spi3.o
    0x08005888   0x08005888   0x0000001c   Code   RO         5148    i.SPI3_WriteByte    spi3.o
    0x080058a4   0x080058a4   0x00000064   Code   RO         1782    i.SPI_EndRxTxTransaction  stm32l4xx_hal_spi.o
    0x08005908   0x08005908   0x000000aa   Code   RO         1787    i.SPI_WaitFifoStateUntilTimeout  stm32l4xx_hal_spi.o
    0x080059b2   0x080059b2   0x000000a8   Code   RO         1788    i.SPI_WaitFlagStateUntilTimeout  stm32l4xx_hal_spi.o
    0x08005a5a   0x08005a5a   0x00000002   Code   RO          371    i.SVC_Handler       stm32l4xx_it.o
    0x08005a5c   0x08005a5c   0x0000013a   Code   RO         6275    i.Show_Font         text.o
    0x08005b96   0x08005b96   0x000000bc   Code   RO         6276    i.Show_Str          text.o
    0x08005c52   0x08005c52   0x00000064   Code   RO         6277    i.Show_Str_Mid      text.o
    0x08005cb6   0x08005cb6   0x00000008   Code   RO          372    i.SysTick_Handler   stm32l4xx_it.o
    0x08005cbe   0x08005cbe   0x00000002   PAD
    0x08005cc0   0x08005cc0   0x0000008c   Code   RO         6604    i.SystemClock_Config  sys.o
    0x08005d4c   0x08005d4c   0x00000050   Code   RO          444    i.SystemInit        system_stm32l4xx.o
    0x08005d9c   0x08005d9c   0x00000030   Code   RO         4834    i.TIM3_IRQHandler   timer.o
    0x08005dcc   0x08005dcc   0x0000002c   Code   RO         4835    i.TIM3_Init         timer.o
    0x08005df8   0x08005df8   0x00000044   Code   RO         6451    i.TIM4_IRQHandler   usmart.o
    0x08005e3c   0x08005e3c   0x000000cc   Code   RO         2170    i.TIM_Base_SetConfig  stm32l4xx_hal_tim.o
    0x08005f08   0x08005f08   0x0000005c   Code   RO         6452    i.Timer4_Init       usmart.o
    0x08005f64   0x08005f64   0x000000f8   Code   RO         3032    i.UART_AdvFeatureConfig  stm32l4xx_hal_uart.o
    0x0800605c   0x0800605c   0x00000074   Code   RO         3033    i.UART_CheckIdleState  stm32l4xx_hal_uart.o
    0x080060d0   0x080060d0   0x00000018   Code   RO         3034    i.UART_DMAAbortOnError  stm32l4xx_hal_uart.o
    0x080060e8   0x080060e8   0x00000024   Code   RO         3044    i.UART_EndRxTransfer  stm32l4xx_hal_uart.o
    0x0800610c   0x0800610c   0x00000022   Code   RO         3045    i.UART_EndTransmit_IT  stm32l4xx_hal_uart.o
    0x0800612e   0x0800612e   0x00000002   PAD
    0x08006130   0x08006130   0x00000492   Code   RO         3049    i.UART_SetConfig    stm32l4xx_hal_uart.o
    0x080065c2   0x080065c2   0x0000006c   Code   RO         3052    i.UART_WaitOnFlagUntilTimeout  stm32l4xx_hal_uart.o
    0x0800662e   0x0800662e   0x00000002   PAD
    0x08006630   0x08006630   0x000000a0   Code   RO         6632    i.USART1_IRQHandler  usart.o
    0x080066d0   0x080066d0   0x00000080   Code   RO         6633    i.USART2_IRQHandler  usart.o
    0x08006750   0x08006750   0x00000004   Code   RO          373    i.UsageFault_Handler  stm32l4xx_it.o
    0x08006754   0x08006754   0x0000002e   Code   RO         5244    i.W25QXX_Erase_Sector  w25qxx.o
    0x08006782   0x08006782   0x00000002   PAD
    0x08006784   0x08006784   0x00000014   Code   RO         5245    i.W25QXX_Init       w25qxx.o
    0x08006798   0x08006798   0x0000002c   Code   RO         5246    i.W25QXX_Read       w25qxx.o
    0x080067c4   0x080067c4   0x00000036   Code   RO         5247    i.W25QXX_ReadID     w25qxx.o
    0x080067fa   0x080067fa   0x00000050   Code   RO         5248    i.W25QXX_ReadSR     w25qxx.o
    0x0800684a   0x0800684a   0x00000014   Code   RO         5249    i.W25QXX_Wait_Busy  w25qxx.o
    0x0800685e   0x0800685e   0x00000002   PAD
    0x08006860   0x08006860   0x000000be   Code   RO         5250    i.W25QXX_Write      w25qxx.o
    0x0800691e   0x0800691e   0x0000001a   Code   RO         5252    i.W25QXX_Write_Enable  w25qxx.o
    0x08006938   0x08006938   0x00000046   Code   RO         5253    i.W25QXX_Write_NoCheck  w25qxx.o
    0x0800697e   0x0800697e   0x00000034   Code   RO         5254    i.W25QXX_Write_Page  w25qxx.o
    0x080069b2   0x080069b2   0x00000030   Code   RO         7167    i.__ARM_fpclassify  m_wm.l(fpclassify.o)
    0x080069e2   0x080069e2   0x0000000e   Code   RO         6979    i._is_digit         c_w.l(__printf_wp.o)
    0x080069f0   0x080069f0   0x00000004   Code   RO         6634    i._sys_exit         usart.o
    0x080069f4   0x080069f4   0x0000003c   Code   RO         6733    i.atk_8266_at_response  common.o
    0x08006a30   0x08006a30   0x00000034   Code   RO         6734    i.atk_8266_check_cmd  common.o
    0x08006a64   0x08006a64   0x00000044   Code   RO         6735    i.atk_8266_consta_check  common.o
    0x08006aa8   0x08006aa8   0x000000b8   Code   RO         6737    i.atk_8266_get_keynum  common.o
    0x08006b60   0x08006b60   0x00000054   Code   RO         6738    i.atk_8266_get_wanip  common.o
    0x08006bb4   0x08006bb4   0x00000186   Code   RO         6739    i.atk_8266_ip_set   common.o
    0x08006d3a   0x08006d3a   0x00000002   PAD
    0x08006d3c   0x08006d3c   0x0000012c   Code   RO         6740    i.atk_8266_key_staset  common.o
    0x08006e68   0x08006e68   0x00000124   Code   RO         6741    i.atk_8266_load_keyboard  common.o
    0x08006f8c   0x08006f8c   0x00000070   Code   RO         6746    i.atk_8266_quit_trans  common.o
    0x08006ffc   0x08006ffc   0x00000074   Code   RO         6747    i.atk_8266_send_cmd  common.o
    0x08007070   0x08007070   0x00000088   Code   RO         5797    i.change_bitmap     ff.o
    0x080070f8   0x080070f8   0x00000084   Code   RO         5798    i.check_fs          ff.o
    0x0800717c   0x0800717c   0x00000014   Code   RO         5799    i.chk_chr           ff.o
    0x08007190   0x08007190   0x00000068   Code   RO         5800    i.clmt_clust        ff.o
    0x080071f8   0x080071f8   0x0000001a   Code   RO         5801    i.clust2sect        ff.o
    0x08007212   0x08007212   0x00000002   PAD
    0x08007214   0x08007214   0x00000098   Code   RO         5802    i.cmp_lfn           ff.o
    0x080072ac   0x080072ac   0x0000015e   Code   RO         5803    i.create_chain      ff.o
    0x0800740a   0x0800740a   0x00000002   PAD
    0x0800740c   0x0800740c   0x00000276   Code   RO         5804    i.create_name       ff.o
    0x08007682   0x08007682   0x00000090   Code   RO         5805    i.create_xdir       ff.o
    0x08007712   0x08007712   0x00000002   PAD
    0x08007714   0x08007714   0x00000014   Code   RO         6565    i.delay_init        delay.o
    0x08007728   0x08007728   0x00000018   Code   RO         6566    i.delay_ms          delay.o
    0x08007740   0x08007740   0x00000048   Code   RO         6567    i.delay_us          delay.o
    0x08007788   0x08007788   0x0000007c   Code   RO         5806    i.dir_alloc         ff.o
    0x08007804   0x08007804   0x000001a6   Code   RO         5807    i.dir_find          ff.o
    0x080079aa   0x080079aa   0x00000120   Code   RO         5808    i.dir_next          ff.o
    0x08007aca   0x08007aca   0x0000010a   Code   RO         5809    i.dir_read          ff.o
    0x08007bd4   0x08007bd4   0x00000212   Code   RO         5810    i.dir_register      ff.o
    0x08007de6   0x08007de6   0x000000aa   Code   RO         5812    i.dir_sdi           ff.o
    0x08007e90   0x08007e90   0x0000002c   Code   RO         6208    i.disk_initialize   diskio.o
    0x08007ebc   0x08007ebc   0x00000084   Code   RO         6209    i.disk_ioctl        diskio.o
    0x08007f40   0x08007f40   0x00000080   Code   RO         6210    i.disk_read         diskio.o
    0x08007fc0   0x08007fc0   0x00000006   Code   RO         6211    i.disk_status       diskio.o
    0x08007fc6   0x08007fc6   0x00000080   Code   RO         6212    i.disk_write        diskio.o
    0x08008046   0x08008046   0x00000002   PAD
    0x08008048   0x08008048   0x00000084   Code   RO         5721    i.exfuns_init       exfuns.o
    0x080080cc   0x080080cc   0x00000026   Code   RO         5813    i.f_close           ff.o
    0x080080f2   0x080080f2   0x00000002   PAD
    0x080080f4   0x080080f4   0x0000005c   Code   RO         5821    i.f_mount           ff.o
    0x08008150   0x08008150   0x000002bc   Code   RO         5822    i.f_open            ff.o
    0x0800840c   0x0800840c   0x0000022e   Code   RO         5827    i.f_read            ff.o
    0x0800863a   0x0800863a   0x0000018e   Code   RO         5832    i.f_sync            ff.o
    0x080087c8   0x080087c8   0x0000009e   Code   RO         5684    i.ff_convert        mycc936.o
    0x08008866   0x08008866   0x0000000e   Code   RO         6213    i.ff_memalloc       diskio.o
    0x08008874   0x08008874   0x0000000e   Code   RO         6214    i.ff_memfree        diskio.o
    0x08008882   0x08008882   0x00000002   PAD
    0x08008884   0x08008884   0x00000038   Code   RO         5685    i.ff_wtoupper       mycc936.o
    0x080088bc   0x080088bc   0x00000036   Code   RO         5836    i.fill_fat_chain    ff.o
    0x080088f2   0x080088f2   0x000000aa   Code   RO         5837    i.find_bitmap       ff.o
    0x0800899c   0x0800899c   0x0000045e   Code   RO         5838    i.find_volume       ff.o
    0x08008dfa   0x08008dfa   0x000000e4   Code   RO         5839    i.follow_path       ff.o
    0x08008ede   0x08008ede   0x00000002   PAD
    0x08008ee0   0x08008ee0   0x00000044   Code   RO         6316    i.font_init         fontupd.o
    0x08008f24   0x08008f24   0x0000001c   Code   RO         6635    i.fputc             usart.o
    0x08008f40   0x08008f40   0x0000009c   Code   RO         6317    i.fupd_prog         fontupd.o
    0x08008fdc   0x08008fdc   0x000000d2   Code   RO         5840    i.gen_numname       ff.o
    0x080090ae   0x080090ae   0x00000180   Code   RO         5841    i.get_fat           ff.o
    0x0800922e   0x0800922e   0x00000004   Code   RO         6215    i.get_fattime       diskio.o
    0x08009232   0x08009232   0x0000004a   Code   RO         5843    i.get_ldnumber      ff.o
    0x0800927c   0x0800927c   0x00000026   Code   RO         5845    i.ld_clust          ff.o
    0x080092a2   0x080092a2   0x00000018   Code   RO         5846    i.ld_dword          ff.o
    0x080092ba   0x080092ba   0x00000062   Code   RO         5847    i.ld_qword          ff.o
    0x0800931c   0x0800931c   0x0000000c   Code   RO         5848    i.ld_word           ff.o
    0x08009328   0x08009328   0x0000003c   Code   RO         5849    i.load_obj_dir      ff.o
    0x08009364   0x08009364   0x000000dc   Code   RO         5850    i.load_xdir         ff.o
    0x08009440   0x08009440   0x000008fc   Code   RO            4    i.main              main.o
    0x08009d3c   0x08009d3c   0x00000024   Code   RO         5851    i.mem_cmp           ff.o
    0x08009d60   0x08009d60   0x0000001a   Code   RO         5852    i.mem_cpy           ff.o
    0x08009d7a   0x08009d7a   0x00000012   Code   RO         5853    i.mem_set           ff.o
    0x08009d8c   0x08009d8c   0x00000034   Code   RO         5854    i.move_window       ff.o
    0x08009dc0   0x08009dc0   0x0000006c   Code   RO         4880    i.my_mem_free       malloc.o
    0x08009e2c   0x08009e2c   0x0000002c   Code   RO         4881    i.my_mem_init       malloc.o
    0x08009e58   0x08009e58   0x000000a8   Code   RO         4882    i.my_mem_malloc     malloc.o
    0x08009f00   0x08009f00   0x00000040   Code   RO         4883    i.my_mem_perused    malloc.o
    0x08009f40   0x08009f40   0x00000024   Code   RO         4884    i.myfree            malloc.o
    0x08009f64   0x08009f64   0x00000028   Code   RO         4885    i.mymalloc          malloc.o
    0x08009f8c   0x08009f8c   0x00000014   Code   RO         4887    i.mymemset          malloc.o
    0x08009fa0   0x08009fa0   0x00000088   Code   RO         5855    i.pick_lfn          ff.o
    0x0800a028   0x0800a028   0x00000144   Code   RO         5856    i.put_fat           ff.o
    0x0800a16c   0x0800a16c   0x00000080   Code   RO         5857    i.put_lfn           ff.o
    0x0800a1ec   0x0800a1ec   0x00000006   Code   RO         6453    i.read_addr         usmart.o
    0x0800a1f2   0x0800a1f2   0x00000110   Code   RO         5859    i.remove_chain      ff.o
    0x0800a302   0x0800a302   0x00000024   Code   RO         5860    i.st_clust          ff.o
    0x0800a326   0x0800a326   0x00000018   Code   RO         5861    i.st_dword          ff.o
    0x0800a33e   0x0800a33e   0x0000005c   Code   RO         5862    i.st_qword          ff.o
    0x0800a39a   0x0800a39a   0x0000000c   Code   RO         5863    i.st_word           ff.o
    0x0800a3a6   0x0800a3a6   0x0000006e   Code   RO         5864    i.store_xdir        ff.o
    0x0800a414   0x0800a414   0x00000020   Code   RO         5865    i.sum_sfn           ff.o
    0x0800a434   0x0800a434   0x00000090   Code   RO         5866    i.sync_fs           ff.o
    0x0800a4c4   0x0800a4c4   0x00000052   Code   RO         5867    i.sync_window       ff.o
    0x0800a516   0x0800a516   0x00000002   PAD
    0x0800a518   0x0800a518   0x00000050   Code   RO         6636    i.u2_printf         usart.o
    0x0800a568   0x0800a568   0x0000003c   Code   RO         6637    i.uart_init         usart.o
    0x0800a5a4   0x0800a5a4   0x00000186   Code   RO         6318    i.updata_fontx      fontupd.o
    0x0800a72a   0x0800a72a   0x00000002   PAD
    0x0800a72c   0x0800a72c   0x000001fa   Code   RO         6319    i.update_font       fontupd.o
    0x0800a926   0x0800a926   0x00000002   PAD
    0x0800a928   0x0800a928   0x0000002c   Code   RO         6638    i.usart2_init       usart.o
    0x0800a954   0x0800a954   0x000000b0   Code   RO         6454    i.usmart_cmd_rec    usmart.o
    0x0800aa04   0x0800aa04   0x000002d4   Code   RO         6455    i.usmart_exe        usmart.o
    0x0800acd8   0x0800acd8   0x000000d4   Code   RO         6367    i.usmart_get_aparm  usmart_str.o
    0x0800adac   0x0800adac   0x00000036   Code   RO         6368    i.usmart_get_cmdname  usmart_str.o
    0x0800ade2   0x0800ade2   0x00000002   PAD
    0x0800ade4   0x0800ade4   0x000001c6   Code   RO         6369    i.usmart_get_fname  usmart_str.o
    0x0800afaa   0x0800afaa   0x00000002   PAD
    0x0800afac   0x0800afac   0x0000010c   Code   RO         6370    i.usmart_get_fparam  usmart_str.o
    0x0800b0b8   0x0800b0b8   0x00000020   Code   RO         6371    i.usmart_get_parmpos  usmart_str.o
    0x0800b0d8   0x0800b0d8   0x00000044   Code   RO         6456    i.usmart_get_runtime  usmart.o
    0x0800b11c   0x0800b11c   0x00000028   Code   RO         6457    i.usmart_init       usmart.o
    0x0800b144   0x0800b144   0x00000016   Code   RO         6372    i.usmart_pow        usmart_str.o
    0x0800b15a   0x0800b15a   0x00000002   PAD
    0x0800b15c   0x0800b15c   0x00000034   Code   RO         6458    i.usmart_reset_runtime  usmart.o
    0x0800b190   0x0800b190   0x000000bc   Code   RO         6459    i.usmart_scan       usmart.o
    0x0800b24c   0x0800b24c   0x00000016   Code   RO         6373    i.usmart_search_nextc  usmart_str.o
    0x0800b262   0x0800b262   0x0000010c   Code   RO         6374    i.usmart_str2num    usmart_str.o
    0x0800b36e   0x0800b36e   0x00000022   Code   RO         6375    i.usmart_strcmp     usmart_str.o
    0x0800b390   0x0800b390   0x00000016   Code   RO         6376    i.usmart_strcopy    usmart_str.o
    0x0800b3a6   0x0800b3a6   0x00000018   Code   RO         6377    i.usmart_strlen     usmart_str.o
    0x0800b3be   0x0800b3be   0x00000002   PAD
    0x0800b3c0   0x0800b3c0   0x000006f4   Code   RO         6460    i.usmart_sys_cmd_exe  usmart.o
    0x0800bab4   0x0800bab4   0x00000042   Code   RO         5868    i.validate          ff.o
    0x0800baf6   0x0800baf6   0x00000004   Code   RO         6461    i.write_addr        usmart.o
    0x0800bafa   0x0800bafa   0x0000003a   Code   RO         5869    i.xdir_sum          ff.o
    0x0800bb34   0x0800bb34   0x0000004c   Code   RO         5870    i.xname_sum         ff.o
    0x0800bb80   0x0800bb80   0x0000002c   Code   RO         7163    locale$$code        c_w.l(lc_numeric_c.o)
    0x0800bbac   0x0800bbac   0x0000002c   Code   RO         7238    locale$$code        c_w.l(lc_ctype_c.o)
    0x0800bbd8   0x0800bbd8   0x00000062   Code   RO         7011    x$fpl$d2f           fz_wm.l(d2f.o)
    0x0800bc3a   0x0800bc3a   0x00000002   PAD
    0x0800bc3c   0x0800bc3c   0x00000150   Code   RO         7013    x$fpl$dadd          fz_wm.l(daddsub_clz.o)
    0x0800bd8c   0x0800bd8c   0x000002b0   Code   RO         7020    x$fpl$ddiv          fz_wm.l(ddiv.o)
    0x0800c03c   0x0800c03c   0x0000002e   Code   RO         7024    x$fpl$dflt          fz_wm.l(dflt_clz.o)
    0x0800c06a   0x0800c06a   0x00000002   PAD
    0x0800c06c   0x0800c06c   0x00000154   Code   RO         7029    x$fpl$dmul          fz_wm.l(dmul.o)
    0x0800c1c0   0x0800c1c0   0x0000009c   Code   RO         7085    x$fpl$dnaninf       fz_wm.l(dnaninf.o)
    0x0800c25c   0x0800c25c   0x0000000c   Code   RO         7087    x$fpl$dretinf       fz_wm.l(dretinf.o)
    0x0800c268   0x0800c268   0x000001d4   Code   RO         7015    x$fpl$dsub          fz_wm.l(daddsub_clz.o)
    0x0800c43c   0x0800c43c   0x00000056   Code   RO         7031    x$fpl$f2d           fz_wm.l(f2d.o)
    0x0800c492   0x0800c492   0x0000008c   Code   RO         7089    x$fpl$fnaninf       fz_wm.l(fnaninf.o)
    0x0800c51e   0x0800c51e   0x0000000a   Code   RO         7246    x$fpl$fpinit        fz_wm.l(fpinit.o)
    0x0800c528   0x0800c528   0x0000000a   Code   RO         7091    x$fpl$fretinf       fz_wm.l(fretinf.o)
    0x0800c532   0x0800c532   0x00000004   Code   RO         7033    x$fpl$printf1       fz_wm.l(printf1.o)
    0x0800c536   0x0800c536   0x00000004   Code   RO         7093    x$fpl$printf2       fz_wm.l(printf2.o)
    0x0800c53a   0x0800c53a   0x00000000   Code   RO         7099    x$fpl$usenofp       fz_wm.l(usenofp.o)
    0x0800c53a   0x0800c53a   0x00000002   PAD
    0x0800c53c   0x0800c53c   0x00000048   Data   RO          445    .constdata          system_stm32l4xx.o
    0x0800c584   0x0800c584   0x0000e574   Data   RO         4666    .constdata          lcd.o
    0x0801aaf8   0x0801aaf8   0x00000018   Data   RO         4892    .constdata          malloc.o
    0x0801ab10   0x0801ab10   0x000003c0   Data   RO         5686    .constdata          mycc936.o
    0x0801aed0   0x0801aed0   0x0000004a   Data   RO         5871    .constdata          ff.o
    0x0801af1a   0x0801af1a   0x00000002   PAD
    0x0801af1c   0x0801af1c   0x00000028   Data   RO         6321    .constdata          fontupd.o
    0x0801af44   0x0801af44   0x00000028   Data   RO         6967    .constdata          c_w.l(_printf_hex_int_ll_ptr.o)
    0x0801af6c   0x0801af6c   0x00000011   Data   RO         6987    .constdata          c_w.l(__printf_flags_ss_wp.o)
    0x0801af7d   0x0801af7d   0x00000003   PAD
    0x0801af80   0x0801af80   0x00000008   Data   RO         7061    .constdata          c_w.l(_printf_wctomb.o)
    0x0801af88   0x0801af88   0x00000026   Data   RO         7123    .constdata          c_w.l(_printf_fp_hex.o)
    0x0801afae   0x0801afae   0x00000002   PAD
    0x0801afb0   0x0801afb0   0x00000094   Data   RO         7132    .constdata          c_w.l(bigflt0.o)
    0x0801b044   0x0801b044   0x000000db   Data   RO         6322    .conststring        fontupd.o
    0x0801b11f   0x0801b11f   0x00000001   PAD
    0x0801b120   0x0801b120   0x00000028   Data   RO         6463    .conststring        usmart.o
    0x0801b148   0x0801b148   0x00000240   Data   RO         6540    .conststring        usmart_config.o
    0x0801b388   0x0801b388   0x000000f2   Data   RO         6751    .conststring        common.o
    0x0801b47a   0x0801b47a   0x00000002   PAD
    0x0801b47c   0x0801b47c   0x00000020   Data   RO         7311    Region$$Table       anon$$obj.o
    0x0801b49c   0x0801b49c   0x0000001c   Data   RO         7162    locale$$data        c_w.l(lc_numeric_c.o)
    0x0801b4b8   0x0801b4b8   0x00000110   Data   RO         7237    locale$$data        c_w.l(lc_ctype_c.o)


    Execution Region RW_IRAM1 (Exec base: 0x20000000, Load base: 0x0801b5c8, Size: 0x00013260, Max: 0x00018000, ABSOLUTE, COMPRESSED[0x0000010c])

    Exec Addr    Load Addr    Size         Type   Attr      Idx    E Section Name        Object

    0x20000000   COMPRESSED   0x00000004   Data   RW          446    .data               system_stm32l4xx.o
    0x20000004   COMPRESSED   0x00000004   Data   RW          628    .data               stm32l4xx_hal.o
    0x20000008   COMPRESSED   0x00000001   Data   RW         4613    .data               key.o
    0x20000009   COMPRESSED   0x00000001   PAD
    0x2000000a   COMPRESSED   0x00000004   Data   RW         4667    .data               lcd.o
    0x2000000e   COMPRESSED   0x00000002   PAD
    0x20000010   COMPRESSED   0x0000001c   Data   RW         4893    .data               malloc.o
    0x2000002c   COMPRESSED   0x00000001   Data   RW         5033    .data               sd_card.o
    0x2000002d   COMPRESSED   0x00000001   PAD
    0x2000002e   COMPRESSED   0x00000002   Data   RW         5257    .data               w25qxx.o
    0x20000030   COMPRESSED   0x0000001c   Data   RW         5726    .data               exfuns.o
    0x2000004c   COMPRESSED   0x0000000a   Data   RW         5872    .data               ff.o
    0x20000056   COMPRESSED   0x00000002   PAD
    0x20000058   COMPRESSED   0x0000001c   Data   RW         6464    .data               usmart.o
    0x20000074   COMPRESSED   0x0000015c   Data   RW         6541    .data               usmart_config.o
    0x200001d0   COMPRESSED   0x00000004   Data   RW         6568    .data               delay.o
    0x200001d4   COMPRESSED   0x0000000a   Data   RW         6640    .data               usart.o
    0x200001de   COMPRESSED   0x00000002   PAD
    0x200001e0   COMPRESSED   0x00000085   Data   RW         6752    .data               common.o
    0x20000265   COMPRESSED   0x00000003   PAD
    0x20000268        -       0x00000480   Zero   RW         4665    .bss                lcd.o
    0x200006e8        -       0x00000040   Zero   RW         4836    .bss                timer.o
    0x20000728   COMPRESSED   0x00000018   PAD
    0x20000740        -       0x00011000   Zero   RW         4891    .bss                malloc.o
    0x20011740        -       0x00000044   Zero   RW         4967    .bss                qspi.o
    0x20011784        -       0x00000064   Zero   RW         5149    .bss                spi3.o
    0x200117e8        -       0x00001000   Zero   RW         5256    .bss                w25qxx.o
    0x200127e8        -       0x00000064   Zero   RW         5354    .bss                spi1.o
    0x2001284c        -       0x00000029   Zero   RW         6320    .bss                fontupd.o
    0x20012875   COMPRESSED   0x00000003   PAD
    0x20012878        -       0x00000040   Zero   RW         6462    .bss                usmart.o
    0x200128b8        -       0x00000348   Zero   RW         6639    .bss                usart.o
    0x20012c00        -       0x00000060   Zero   RW         7170    .bss                c_w.l(libspace.o)
    0x20012c60        -       0x00000200   Zero   RW          587    HEAP                startup_stm32l475xx.o
    0x20012e60        -       0x00000400   Zero   RW          586    STACK               startup_stm32l475xx.o



  Load Region LR$$.ARM.__AT_0x10000000 (Base: 0x10000000, Size: 0x00000000, Max: 0x00007800, ABSOLUTE)

    Execution Region ER$$.ARM.__AT_0x10000000 (Exec base: 0x10000000, Load base: 0x10000000, Size: 0x00007800, Max: 0x00007800, ABSOLUTE, UNINIT)

    Exec Addr    Load Addr    Size         Type   Attr      Idx    E Section Name        Object

    0x10000000        -       0x00007800   Zero   RW         4889    .ARM.__AT_0x10000000  malloc.o



  Load Region LR$$.ARM.__AT_0x10007800 (Base: 0x10007800, Size: 0x00000000, Max: 0x00000780, ABSOLUTE)

    Execution Region ER$$.ARM.__AT_0x10007800 (Exec base: 0x10007800, Load base: 0x10007800, Size: 0x00000780, Max: 0x00000780, ABSOLUTE, UNINIT)

    Exec Addr    Load Addr    Size         Type   Attr      Idx    E Section Name        Object

    0x10007800        -       0x00000780   Zero   RW         4890    .ARM.__AT_0x10007800  malloc.o


==============================================================================

Image component sizes


      Code (inc. data)   RO Data    RW Data    ZI Data      Debug   Object Name

       572         42          0          0          0       4113   aht10.o
        76          8          0          0          0        872   beep.o
      1658        198        242        133          0       8098   common.o
       116          8          0          4          0       1903   delay.o
       470          0          0          0          0       5783   diskio.o
       132         18          0         28          0       1646   exfuns.o
         0          0          0          0          0       2272   fattester.o
      9694         94         74         10          0      49433   ff.o
      1120         62        259          0         41       5164   fontupd.o
       348         28          0          1          0       1622   key.o
      2724        102      58740          4       1152      15980   lcd.o
        80          8          0          0          0        835   led.o
      2300        634          0          0          0     815835   main.o
       480         54         24         28     102272       6297   malloc.o
       214         16        960          0          0       1927   mycc936.o
       814         82          0          0          0       5382   myiic.o
       332         32          0          0         68       3917   qspi.o
      1326         34          0          1          0      11160   sd_card.o
       220         26          0          0        100       2325   spi1.o
       212         24          0          0        100       2306   spi3.o
        64         26        392          0       1536        816   startup_stm32l475xx.o
       108         14          0          4          0       3985   stm32l4xx_hal.o
       344         22          0          0          0      31313   stm32l4xx_hal_cortex.o
       162          0          0          0          0       1723   stm32l4xx_hal_dma.o
       550         36          0          0          0       3564   stm32l4xx_hal_gpio.o
       156         18          0          0          0       1342   stm32l4xx_hal_pwr_ex.o
      1548         10          0          0          0       7685   stm32l4xx_hal_qspi.o
      2448         98          0          0          0       7172   stm32l4xx_hal_rcc.o
      1820          0          0          0          0       6852   stm32l4xx_hal_spi.o
       324         40          0          0          0       2505   stm32l4xx_hal_tim.o
      2534         54          0          0          0       9969   stm32l4xx_hal_uart.o
         2          0          0          0          0        940   stm32l4xx_hal_uart_ex.o
        32          0          0          0          0       3942   stm32l4xx_it.o
       140          6          0          0          0        973   sys.o
        80         12         72          4          0       1117   system_stm32l4xx.o
       848         14          0          0          0       4218   text.o
       160         30          0          0         64       2196   timer.o
       824         84          0         10        840       6969   usart.o
      3198       1354         40         28         64       7727   usmart.o
         0          0        576        348          0       1496   usmart_config.o
      1412         20          0          0          0       8861   usmart_str.o
       602          8          0          2       4096       6865   w25qxx.o

    ----------------------------------------------------------------------
     40320       3316      61416        616     110360    1069100   Object Totals
         0          0         32          0          0          0   (incl. Generated)
        76          0          5         11         27          0   (incl. Padding)

    ----------------------------------------------------------------------

      Code (inc. data)   RO Data    RW Data    ZI Data      Debug   Library Member Name

        24          4          0          0          0         84   __2printf.o
        44          6          0          0          0         84   __2sprintf.o
        90          0          0          0          0          0   __dczerorl2.o
         8          0          0          0          0         68   __main.o
       398          4         17          0          0         92   __printf_flags_ss_wp.o
        14          0          0          0          0         68   __printf_wp.o
         0          0          0          0          0          0   __rtentry.o
        12          0          0          0          0          0   __rtentry2.o
         6          0          0          0          0          0   __rtentry4.o
        52          8          0          0          0          0   __scatter.o
        28          0          0          0          0          0   __scatter_zi.o
         6          0          0          0          0          0   _printf_a.o
         6          0          0          0          0          0   _printf_c.o
        44          0          0          0          0        108   _printf_char.o
        48          6          0          0          0         96   _printf_char_common.o
        36          4          0          0          0         80   _printf_char_file.o
        40          0          0          0          0         68   _printf_charcount.o
         6          0          0          0          0          0   _printf_d.o
       120         16          0          0          0         92   _printf_dec.o
         6          0          0          0          0          0   _printf_e.o
         6          0          0          0          0          0   _printf_f.o
      1060          0          0          0          0        216   _printf_fp_dec.o
       770          8         38          0          0        100   _printf_fp_hex.o
       128         16          0          0          0         84   _printf_fp_infnan.o
         6          0          0          0          0          0   _printf_g.o
       148          4         40          0          0        160   _printf_hex_int_ll_ptr.o
         6          0          0          0          0          0   _printf_i.o
       178          0          0          0          0         88   _printf_intcommon.o
        10          0          0          0          0          0   _printf_l.o
         6          0          0          0          0          0   _printf_lc.o
        10          0          0          0          0          0   _printf_ll.o
         6          0          0          0          0          0   _printf_lld.o
         6          0          0          0          0          0   _printf_lli.o
         6          0          0          0          0          0   _printf_llo.o
         6          0          0          0          0          0   _printf_llu.o
         6          0          0          0          0          0   _printf_llx.o
       124         16          0          0          0         92   _printf_longlong_dec.o
         6          0          0          0          0          0   _printf_ls.o
         6          0          0          0          0          0   _printf_n.o
         6          0          0          0          0          0   _printf_o.o
       112         10          0          0          0        124   _printf_oct_int_ll.o
         6          0          0          0          0          0   _printf_p.o
        78          0          0          0          0        108   _printf_pad.o
         0          0          0          0          0          0   _printf_percent.o
         4          0          0          0          0          0   _printf_percent_end.o
         6          0          0          0          0          0   _printf_s.o
        82          0          0          0          0         80   _printf_str.o
        36          0          0          0          0         84   _printf_truncate.o
         6          0          0          0          0          0   _printf_u.o
        44          0          0          0          0        108   _printf_wchar.o
       194          6          8          0          0         92   _printf_wctomb.o
         6          0          0          0          0          0   _printf_x.o
        10          0          0          0          0         68   _sputc.o
        64          0          0          0          0         92   _wcrtomb.o
       228          4        148          0          0         96   bigflt0.o
      1936        128          0          0          0        672   btod.o
        18          0          0          0          0         80   exit.o
         8          0          0          0          0         68   ferror.o
         6          0          0          0          0        152   heapauxi.o
        44         10        272          0          0         76   lc_ctype_c.o
        44         10         28          0          0         76   lc_numeric_c.o
         2          0          0          0          0          0   libinit.o
        34          0          0          0          0          0   libinit2.o
         2          0          0          0          0          0   libshutdown.o
         2          0          0          0          0          0   libshutdown2.o
         8          4          0          0         96         68   libspace.o
       138          0          0          0          0         80   lludiv10.o
       238          0          0          0          0        100   lludivv7m.o
        16          4          0          0          0         76   rt_ctype_table.o
         8          4          0          0          0         68   rt_locale_intlibspace.o
         2          0          0          0          0          0   rtexit.o
        10          0          0          0          0          0   rtexit2.o
        24          0          0          0          0         68   strcat.o
       128          0          0          0          0         68   strcmpv7m.o
        72          0          0          0          0         80   strcpy.o
        62          0          0          0          0         76   strlen.o
        36          0          0          0          0         80   strstr.o
        74          0          0          0          0         80   sys_stackheap_outer.o
         2          0          0          0          0         68   use_no_semi.o
         2          0          0          0          0         68   use_no_semi_2.o
        36          4          0          0          0         76   vsprintf.o
        98          4          0          0          0        140   d2f.o
       804         16          0          0          0        368   daddsub_clz.o
       688        140          0          0          0        256   ddiv.o
        46          0          0          0          0        116   dflt_clz.o
       340         12          0          0          0        152   dmul.o
       156          4          0          0          0        140   dnaninf.o
        12          0          0          0          0        116   dretinf.o
        86          4          0          0          0        132   f2d.o
       140          4          0          0          0        132   fnaninf.o
        10          0          0          0          0        116   fpinit.o
        10          0          0          0          0        116   fretinf.o
         4          0          0          0          0        116   printf1.o
         4          0          0          0          0        116   printf2.o
         0          0          0          0          0          0   usenofp.o
        48          0          0          0          0        124   fpclassify.o

    ----------------------------------------------------------------------
      9780        460        556          0         96       6752   Library Totals
        18          0          5          0          0          0   (incl. Padding)

    ----------------------------------------------------------------------

      Code (inc. data)   RO Data    RW Data    ZI Data      Debug   Library Name

      7316        276        551          0         96       4612   c_w.l
      2398        184          0          0          0       2016   fz_wm.l
        48          0          0          0          0        124   m_wm.l

    ----------------------------------------------------------------------
      9780        460        556          0         96       6752   Library Totals

    ----------------------------------------------------------------------

==============================================================================


      Code (inc. data)   RO Data    RW Data    ZI Data      Debug   

     50100       3776      61972        616     110456    1045604   Grand Totals
     50100       3776      61972        268     110456    1045604   ELF Image Totals (compressed)
     50100       3776      61972        268          0          0   ROM Totals

==============================================================================

    Total RO  Size (Code + RO Data)               112072 ( 109.45kB)
    Total RW  Size (RW Data + ZI Data)            111072 ( 108.47kB)
    Total ROM Size (Code + RO Data + RW Data)     112340 ( 109.71kB)

==============================================================================

